Copyright 1986-2022 Xilinx, Inc. All Rights Reserved. Copyright 2022-2025 Advanced Micro Devices, Inc. All Rights Reserved.
----------------------------------------------------------------------------------------------------------------------------------------------------------------------
| Tool Version     : Vivado v.2025.2 (win64) Build 6299465 Fri Nov 14 19:35:11 GMT 2025
| Date             : Mon Sep 14 17:09:07 2026
| Host             : esc-wirelssslab running 64-bit major release  (build 9200)
| Command          : report_power -file design_1_wrapper_power_routed.rpt -pb design_1_wrapper_power_summary_routed.pb -rpx design_1_wrapper_power_routed.rpx
| Design           : design_1_wrapper
| Device           : xc7a100tfgg484-2
| Design State     : routed
| Grade            : commercial
| Process          : typical
| Characterization : Production
----------------------------------------------------------------------------------------------------------------------------------------------------------------------

Power Report

Table of Contents
-----------------
1. Summary
1.1 On-Chip Components
1.2 Power Supply Summary
1.3 Confidence Level
2. Settings
2.1 Environment
2.2 Clock Constraints
3. Detailed Reports
3.1 By Hierarchy

1. Summary
----------

+--------------------------+--------------+
| Total On-Chip Power (W)  | 0.917        |
| Design Power Budget (W)  | Unspecified* |
| Power Budget Margin (W)  | NA           |
| Dynamic (W)              | 0.815        |
| Device Static (W)        | 0.102        |
| Effective TJA (C/W)      | 2.7          |
| Max Ambient (C)          | 82.5         |
| Junction Temperature (C) | 27.5         |
| Confidence Level         | Low          |
| Setting File             | ---          |
| Simulation Activity File | ---          |
| Design Nets Matched      | NA           |
+--------------------------+--------------+
* Specify Design Power Budget using, set_operating_conditions -design_power_budget <value in Watts>


1.1 On-Chip Components
----------------------

+--------------------------+-----------+----------+-----------+-----------------+
| On-Chip                  | Power (W) | Used     | Available | Utilization (%) |
+--------------------------+-----------+----------+-----------+-----------------+
| Clocks                   |     0.077 |       15 |       --- |             --- |
| Slice Logic              |     0.050 |    33235 |       --- |             --- |
|   LUT as Logic           |     0.040 |    10921 |     63400 |           17.23 |
|   Register               |     0.004 |    15570 |    126800 |           12.28 |
|   LUT as Distributed RAM |     0.002 |     1110 |     19000 |            5.84 |
|   CARRY4                 |     0.002 |      573 |     15850 |            3.62 |
|   LUT as Shift Register  |     0.002 |      205 |     19000 |            1.08 |
|   F7/F8 Muxes            |    <0.001 |      202 |     63400 |            0.32 |
|   BUFG                   |    <0.001 |        1 |        32 |            3.13 |
|   Others                 |     0.000 |      648 |       --- |             --- |
|   BUFR                   |     0.000 |        2 |       120 |            1.67 |
| Signals                  |     0.075 |    24660 |       --- |             --- |
| Block RAM                |     0.071 |     46.5 |       135 |           34.44 |
| MMCM                     |     0.235 |        2 |         6 |           33.33 |
| I/O                      |     0.097 |       32 |       285 |           11.23 |
| GTP                      |     0.168 |        1 |       --- |             --- |
| Hard IPs                 |     0.042 |        1 |       --- |             --- |
|   PCIE                   |     0.042 |        1 |         1 |          100.00 |
| Static Power             |     0.102 |          |           |                 |
| Total                    |     0.917 |          |           |                 |
+--------------------------+-----------+----------+-----------+-----------------+


1.2 Power Supply Summary
------------------------

+-----------+-------------+-----------+-------------+------------+-------------+-------------+------------+
| Source    | Voltage (V) | Total (A) | Dynamic (A) | Static (A) | Powerup (A) | Budget (A)  | Margin (A) |
+-----------+-------------+-----------+-------------+------------+-------------+-------------+------------+
| Vccint    |       1.000 |     0.358 |       0.341 |      0.017 |       NA    | Unspecified | NA         |
| Vccaux    |       1.800 |     0.174 |       0.156 |      0.018 |       NA    | Unspecified | NA         |
| Vcco33    |       3.300 |     0.000 |       0.000 |      0.000 |       NA    | Unspecified | NA         |
| Vcco25    |       2.500 |     0.021 |       0.017 |      0.004 |       NA    | Unspecified | NA         |
| Vcco18    |       1.800 |     0.000 |       0.000 |      0.000 |       NA    | Unspecified | NA         |
| Vcco15    |       1.500 |     0.000 |       0.000 |      0.000 |       NA    | Unspecified | NA         |
| Vcco135   |       1.350 |     0.000 |       0.000 |      0.000 |       NA    | Unspecified | NA         |
| Vcco12    |       1.200 |     0.000 |       0.000 |      0.000 |       NA    | Unspecified | NA         |
| Vccaux_io |       1.800 |     0.000 |       0.000 |      0.000 |       NA    | Unspecified | NA         |
| Vccbram   |       1.000 |     0.006 |       0.004 |      0.001 |       NA    | Unspecified | NA         |
| MGTAVcc   |       1.000 |     0.075 |       0.073 |      0.001 |       NA    | Unspecified | NA         |
| MGTAVtt   |       1.200 |     0.064 |       0.061 |      0.003 |       NA    | Unspecified | NA         |
| Vccadc    |       1.800 |     0.020 |       0.000 |      0.020 |       NA    | Unspecified | NA         |
+-----------+-------------+-----------+-------------+------------+-------------+-------------+------------+


1.3 Confidence Level
--------------------

+-----------------------------+------------+--------------------------------------------------------+--------------------------------------------------------------------------------------------------------------------+
| User Input Data             | Confidence | Details                                                | Action                                                                                                             |
+-----------------------------+------------+--------------------------------------------------------+--------------------------------------------------------------------------------------------------------------------+
| Design implementation state | High       | Design is routed                                       |                                                                                                                    |
| Clock nodes activity        | Medium     | More than 5% of clocks are missing user specification  | Provide missing clock activity with a constraint file, simulation results or by editing the "By Clock Domain" view |
| I/O nodes activity          | Low        | More than 75% of inputs are missing user specification | Provide missing input activity with simulation results or by editing the "By Resource Type -> I/Os" view           |
| Internal nodes activity     | Medium     | User specified less than 25% of internal nodes         | Provide missing internal nodes activity with simulation results or by editing the "By Resource Type" views         |
| Device models               | High       | Device models are Production                           |                                                                                                                    |
|                             |            |                                                        |                                                                                                                    |
| Overall confidence level    | Low        |                                                        |                                                                                                                    |
+-----------------------------+------------+--------------------------------------------------------+--------------------------------------------------------------------------------------------------------------------+


2. Settings
-----------

2.1 Environment
---------------

+-----------------------+--------------------------+
| Ambient Temp (C)      | 25.0                     |
| ThetaJA (C/W)         | 2.7                      |
| Airflow (LFM)         | 250                      |
| Heat Sink             | medium (Medium Profile)  |
| ThetaSA (C/W)         | 4.6                      |
| Board Selection       | medium (10"x10")         |
| # of Board Layers     | 12to15 (12 to 15 Layers) |
| Board Temperature (C) | 25.0                     |
+-----------------------+--------------------------+


2.2 Clock Constraints
---------------------

+--------------------------------------------------------------------------------------------+------------------------------------------------------------------------------------------------------------------------------------------------------------------------+-----------------+
| Clock                                                                                      | Domain                                                                                                                                                                 | Constraint (ns) |
+--------------------------------------------------------------------------------------------+------------------------------------------------------------------------------------------------------------------------------------------------------------------------+-----------------+
| M100_design_1_clk_wiz_0_0_1                                                                | design_1_i/clk_wiz_0/inst/M100_design_1_clk_wiz_0_0                                                                                                                    |            10.0 |
| M175_design_1_clk_wiz_0_0_1                                                                | design_1_i/clk_wiz_0/inst/M175_design_1_clk_wiz_0_0                                                                                                                    |             5.7 |
| M200_design_1_clk_wiz_0_0_1                                                                | design_1_i/clk_wiz_0/inst/M200_design_1_clk_wiz_0_0                                                                                                                    |             5.0 |
| clk_125mhz_mux_x0y0                                                                        | design_1_i/xdma_0/inst/design_1_xdma_0_0_pcie2_to_pcie3_wrapper_i/pcie2_ip_i/inst/inst/gt_top_i/pipe_wrapper_i/pipe_clock_int.pipe_clock_i/pclk_i1_bufgctrl.pclk_i1_0  |             4.0 |
| clk_125mhz_x0y0                                                                            | design_1_i/xdma_0/inst/design_1_xdma_0_0_pcie2_to_pcie3_wrapper_i/pcie2_ip_i/inst/inst/gt_top_i/pipe_wrapper_i/pipe_clock_int.pipe_clock_i/clk_125mhz                  |             8.0 |
| clk_250mhz_mux_x0y0                                                                        | design_1_i/xdma_0/inst/design_1_xdma_0_0_pcie2_to_pcie3_wrapper_i/pcie2_ip_i/inst/inst/gt_top_i/pipe_wrapper_i/pipe_clock_int.pipe_clock_i/pclk_i1_bufgctrl.pclk_i1_0  |             4.0 |
| clk_250mhz_x0y0                                                                            | design_1_i/xdma_0/inst/design_1_xdma_0_0_pcie2_to_pcie3_wrapper_i/pcie2_ip_i/inst/inst/gt_top_i/pipe_wrapper_i/pipe_clock_int.pipe_clock_i/clk_250mhz                  |             4.0 |
| clkfbout_design_1_clk_wiz_0_0_1                                                            | design_1_i/clk_wiz_0/inst/clkfbout_design_1_clk_wiz_0_0                                                                                                                |            10.0 |
| dbg_hub/inst/BSCANID.u_xsdbm_id/SWITCH_N_EXT_BSCAN.bscan_inst/SERIES7_BSCAN.bscan_inst/TCK | dbg_hub/inst/BSCANID.u_xsdbm_id/SWITCH_N_EXT_BSCAN.bscan_inst/TCK                                                                                                      |            33.0 |
| mmcm_fb                                                                                    | design_1_i/xdma_0/inst/design_1_xdma_0_0_pcie2_to_pcie3_wrapper_i/pcie2_ip_i/inst/inst/gt_top_i/pipe_wrapper_i/pipe_clock_int.pipe_clock_i/mmcm_fb                     |            10.0 |
| sys_clk                                                                                    | clkin_100                                                                                                                                                              |            10.0 |
| txoutclk_x0y0                                                                              | design_1_i/xdma_0/inst/design_1_xdma_0_0_pcie2_to_pcie3_wrapper_i/pcie2_ip_i/inst/inst/gt_top_i/pipe_wrapper_i/pipe_lane[0].gt_wrapper_i/gtp_channel.gtpe2_channel_i_6 |            10.0 |
| userclk1                                                                                   | design_1_i/xdma_0/inst/design_1_xdma_0_0_pcie2_to_pcie3_wrapper_i/pcie2_ip_i/inst/inst/gt_top_i/pipe_wrapper_i/pipe_clock_int.pipe_clock_i/userclk1                    |             8.0 |
+--------------------------------------------------------------------------------------------+------------------------------------------------------------------------------------------------------------------------------------------------------------------------+-----------------+


3. Detailed Reports
-------------------

3.1 By Hierarchy
----------------

+-----------------------------+-----------+
| Name                        | Power (W) |
+-----------------------------+-----------+
| design_1_wrapper            |     0.815 |
|   dbg_hub                   |     0.003 |
|     inst                    |     0.003 |
|       BSCANID.u_xsdbm_id    |     0.003 |
|   design_1_i                |     0.810 |
|     axis_data_fifo_0        |     0.018 |
|       inst                  |     0.018 |
|     axis_dwidth_converter_0 |     0.019 |
|       inst                  |     0.019 |
|     clk_wiz_0               |     0.129 |
|       inst                  |     0.129 |
|     ila_0                   |     0.015 |
|       inst                  |     0.015 |
|     ila_1                   |     0.007 |
|       inst                  |     0.007 |
|     selectio_to_axis_dual_0 |     0.003 |
|       inst                  |     0.003 |
|     selectio_wiz_0          |     0.100 |
|       inst                  |     0.100 |
|     xdma_0                  |     0.517 |
|       inst                  |     0.517 |
+-----------------------------+-----------+


