
*** Running vivado
    with args -log design_1_ila_1_0.vds -m64 -product Vivado -mode batch -messageDb vivado.pb -notrace -source design_1_ila_1_0.tcl



****** Vivado v2025.2 (64-bit)
  **** SW Build 6299465 on Fri Nov 14 19:35:11 GMT 2025
  **** IP Build 6300035 on Fri Nov 14 10:48:45 MST 2025
  **** SharedData Build 6298862 on Thu Nov 13 04:50:51 MST 2025
  **** Start of session at: Sat Aug 15 12:56:09 2026
    ** Copyright 1986-2022 Xilinx, Inc. All Rights Reserved.
    ** Copyright 2022-2025 Advanced Micro Devices, Inc. All Rights Reserved.

Sourcing tcl script 'E:/AMDDesignTools/2025.2/Vivado/scripts/Vivado_init.tcl'
source design_1_ila_1_0.tcl -notrace
create_project: Time (s): cpu = 00:00:15 ; elapsed = 00:00:05 . Memory (MB): peak = 542.488 ; gain = 233.801
Command: synth_design -top design_1_ila_1_0 -part xc7a100tfgg484-2 -incremental_mode off -mode out_of_context
Starting synth_design
Attempting to get a license for feature 'Synthesis' and/or device 'xc7a100t'
INFO: [Common 17-349] Got license for feature 'Synthesis' and/or device 'xc7a100t'
INFO: [Device 21-403] Loading part xc7a100tfgg484-2
INFO: [Synth 8-7079] Multithreading enabled for synth_design using a maximum of 7 processes.
INFO: [Synth 8-7078] Launching helper process for spawning children vivado processes
INFO: [Synth 8-7075] Helper process launched with PID 15824
---------------------------------------------------------------------------------
Starting RTL Elaboration : Time (s): cpu = 00:00:12 ; elapsed = 00:00:12 . Memory (MB): peak = 1315.480 ; gain = 540.453
---------------------------------------------------------------------------------
INFO: [Synth 8-11241] undeclared symbol 'tms_int', assumed default net type 'wire' [e:/FPGA_PROJECTS/RHV4.0_FPGA/RH_STREAMFAKE/RH_STREAMFAKE.gen/sources_1/bd/design_1/ipshared/0568/hdl/verilog/xsdbm_v3_0_5_bs_core_ext.vh:30]
INFO: [Synth 8-11241] undeclared symbol 'runtest_int', assumed default net type 'wire' [e:/FPGA_PROJECTS/RHV4.0_FPGA/RH_STREAMFAKE/RH_STREAMFAKE.gen/sources_1/bd/design_1/ipshared/0568/hdl/verilog/xsdbm_v3_0_5_bs_core_ext.vh:32]
INFO: [Synth 8-11241] undeclared symbol 'tms_int', assumed default net type 'wire' [e:/FPGA_PROJECTS/RHV4.0_FPGA/RH_STREAMFAKE/RH_STREAMFAKE.gen/sources_1/bd/design_1/ipshared/0568/hdl/verilog/xsdbm_v3_0_5_bs_core_ext.vh:69]
INFO: [Synth 8-11241] undeclared symbol 'runtest_int', assumed default net type 'wire' [e:/FPGA_PROJECTS/RHV4.0_FPGA/RH_STREAMFAKE/RH_STREAMFAKE.gen/sources_1/bd/design_1/ipshared/0568/hdl/verilog/xsdbm_v3_0_5_bs_core_ext.vh:71]
INFO: [Synth 8-11241] undeclared symbol 'tms_int', assumed default net type 'wire' [e:/FPGA_PROJECTS/RHV4.0_FPGA/RH_STREAMFAKE/RH_STREAMFAKE.gen/sources_1/bd/design_1/ipshared/0568/hdl/verilog/xsdbm_v3_0_5_bs_core_ext.vh:109]
INFO: [Synth 8-11241] undeclared symbol 'runtest_int', assumed default net type 'wire' [e:/FPGA_PROJECTS/RHV4.0_FPGA/RH_STREAMFAKE/RH_STREAMFAKE.gen/sources_1/bd/design_1/ipshared/0568/hdl/verilog/xsdbm_v3_0_5_bs_core_ext.vh:111]
INFO: [Synth 8-11241] undeclared symbol 'tms_int', assumed default net type 'wire' [e:/FPGA_PROJECTS/RHV4.0_FPGA/RH_STREAMFAKE/RH_STREAMFAKE.gen/sources_1/bd/design_1/ipshared/0568/hdl/verilog/xsdbm_v3_0_5_bs_core_ext.vh:150]
INFO: [Synth 8-11241] undeclared symbol 'runtest_int', assumed default net type 'wire' [e:/FPGA_PROJECTS/RHV4.0_FPGA/RH_STREAMFAKE/RH_STREAMFAKE.gen/sources_1/bd/design_1/ipshared/0568/hdl/verilog/xsdbm_v3_0_5_bs_core_ext.vh:152]
INFO: [Synth 8-11241] undeclared symbol 'tms_int', assumed default net type 'wire' [e:/FPGA_PROJECTS/RHV4.0_FPGA/RH_STREAMFAKE/RH_STREAMFAKE.gen/sources_1/bd/design_1/ipshared/0568/hdl/verilog/xsdbm_v3_0_5_bs_core_ext.vh:192]
INFO: [Synth 8-11241] undeclared symbol 'runtest_int', assumed default net type 'wire' [e:/FPGA_PROJECTS/RHV4.0_FPGA/RH_STREAMFAKE/RH_STREAMFAKE.gen/sources_1/bd/design_1/ipshared/0568/hdl/verilog/xsdbm_v3_0_5_bs_core_ext.vh:194]
INFO: [Synth 8-11241] undeclared symbol 'tms_int', assumed default net type 'wire' [e:/FPGA_PROJECTS/RHV4.0_FPGA/RH_STREAMFAKE/RH_STREAMFAKE.gen/sources_1/bd/design_1/ipshared/0568/hdl/verilog/xsdbm_v3_0_5_bs_core_ext.vh:235]
INFO: [Synth 8-11241] undeclared symbol 'runtest_int', assumed default net type 'wire' [e:/FPGA_PROJECTS/RHV4.0_FPGA/RH_STREAMFAKE/RH_STREAMFAKE.gen/sources_1/bd/design_1/ipshared/0568/hdl/verilog/xsdbm_v3_0_5_bs_core_ext.vh:237]
INFO: [Synth 8-11241] undeclared symbol 'tms_int', assumed default net type 'wire' [e:/FPGA_PROJECTS/RHV4.0_FPGA/RH_STREAMFAKE/RH_STREAMFAKE.gen/sources_1/bd/design_1/ipshared/0568/hdl/verilog/xsdbm_v3_0_5_bs_core_ext.vh:279]
INFO: [Synth 8-11241] undeclared symbol 'runtest_int', assumed default net type 'wire' [e:/FPGA_PROJECTS/RHV4.0_FPGA/RH_STREAMFAKE/RH_STREAMFAKE.gen/sources_1/bd/design_1/ipshared/0568/hdl/verilog/xsdbm_v3_0_5_bs_core_ext.vh:281]
INFO: [Synth 8-11241] undeclared symbol 'tms_int', assumed default net type 'wire' [e:/FPGA_PROJECTS/RHV4.0_FPGA/RH_STREAMFAKE/RH_STREAMFAKE.gen/sources_1/bd/design_1/ipshared/0568/hdl/verilog/xsdbm_v3_0_5_bs_core_ext.vh:324]
INFO: [Synth 8-11241] undeclared symbol 'runtest_int', assumed default net type 'wire' [e:/FPGA_PROJECTS/RHV4.0_FPGA/RH_STREAMFAKE/RH_STREAMFAKE.gen/sources_1/bd/design_1/ipshared/0568/hdl/verilog/xsdbm_v3_0_5_bs_core_ext.vh:326]
INFO: [Synth 8-11241] undeclared symbol 'tms_int', assumed default net type 'wire' [e:/FPGA_PROJECTS/RHV4.0_FPGA/RH_STREAMFAKE/RH_STREAMFAKE.gen/sources_1/bd/design_1/ipshared/0568/hdl/verilog/xsdbm_v3_0_5_bs_core_ext.vh:370]
INFO: [Synth 8-11241] undeclared symbol 'runtest_int', assumed default net type 'wire' [e:/FPGA_PROJECTS/RHV4.0_FPGA/RH_STREAMFAKE/RH_STREAMFAKE.gen/sources_1/bd/design_1/ipshared/0568/hdl/verilog/xsdbm_v3_0_5_bs_core_ext.vh:372]
INFO: [Synth 8-11241] undeclared symbol 'tms_int', assumed default net type 'wire' [e:/FPGA_PROJECTS/RHV4.0_FPGA/RH_STREAMFAKE/RH_STREAMFAKE.gen/sources_1/bd/design_1/ipshared/0568/hdl/verilog/xsdbm_v3_0_5_bs_core_ext.vh:417]
INFO: [Synth 8-11241] undeclared symbol 'runtest_int', assumed default net type 'wire' [e:/FPGA_PROJECTS/RHV4.0_FPGA/RH_STREAMFAKE/RH_STREAMFAKE.gen/sources_1/bd/design_1/ipshared/0568/hdl/verilog/xsdbm_v3_0_5_bs_core_ext.vh:419]
INFO: [Synth 8-11241] undeclared symbol 'tms_int', assumed default net type 'wire' [e:/FPGA_PROJECTS/RHV4.0_FPGA/RH_STREAMFAKE/RH_STREAMFAKE.gen/sources_1/bd/design_1/ipshared/0568/hdl/verilog/xsdbm_v3_0_5_bs_core_ext.vh:465]
INFO: [Synth 8-11241] undeclared symbol 'runtest_int', assumed default net type 'wire' [e:/FPGA_PROJECTS/RHV4.0_FPGA/RH_STREAMFAKE/RH_STREAMFAKE.gen/sources_1/bd/design_1/ipshared/0568/hdl/verilog/xsdbm_v3_0_5_bs_core_ext.vh:467]
INFO: [Synth 8-11241] undeclared symbol 'tms_int', assumed default net type 'wire' [e:/FPGA_PROJECTS/RHV4.0_FPGA/RH_STREAMFAKE/RH_STREAMFAKE.gen/sources_1/bd/design_1/ipshared/0568/hdl/verilog/xsdbm_v3_0_5_bs_core_ext.vh:514]
INFO: [Synth 8-11241] undeclared symbol 'runtest_int', assumed default net type 'wire' [e:/FPGA_PROJECTS/RHV4.0_FPGA/RH_STREAMFAKE/RH_STREAMFAKE.gen/sources_1/bd/design_1/ipshared/0568/hdl/verilog/xsdbm_v3_0_5_bs_core_ext.vh:516]
INFO: [Synth 8-11241] undeclared symbol 'tms_int', assumed default net type 'wire' [e:/FPGA_PROJECTS/RHV4.0_FPGA/RH_STREAMFAKE/RH_STREAMFAKE.gen/sources_1/bd/design_1/ipshared/0568/hdl/verilog/xsdbm_v3_0_5_bs_core_ext.vh:564]
INFO: [Synth 8-11241] undeclared symbol 'runtest_int', assumed default net type 'wire' [e:/FPGA_PROJECTS/RHV4.0_FPGA/RH_STREAMFAKE/RH_STREAMFAKE.gen/sources_1/bd/design_1/ipshared/0568/hdl/verilog/xsdbm_v3_0_5_bs_core_ext.vh:566]
INFO: [Synth 8-11241] undeclared symbol 'tms_int', assumed default net type 'wire' [e:/FPGA_PROJECTS/RHV4.0_FPGA/RH_STREAMFAKE/RH_STREAMFAKE.gen/sources_1/bd/design_1/ipshared/0568/hdl/verilog/xsdbm_v3_0_5_bs_core_ext.vh:615]
INFO: [Synth 8-11241] undeclared symbol 'runtest_int', assumed default net type 'wire' [e:/FPGA_PROJECTS/RHV4.0_FPGA/RH_STREAMFAKE/RH_STREAMFAKE.gen/sources_1/bd/design_1/ipshared/0568/hdl/verilog/xsdbm_v3_0_5_bs_core_ext.vh:617]
INFO: [Synth 8-11241] undeclared symbol 'tms_int', assumed default net type 'wire' [e:/FPGA_PROJECTS/RHV4.0_FPGA/RH_STREAMFAKE/RH_STREAMFAKE.gen/sources_1/bd/design_1/ipshared/0568/hdl/verilog/xsdbm_v3_0_5_bs_core.vh:30]
INFO: [Synth 8-11241] undeclared symbol 'runtest_int', assumed default net type 'wire' [e:/FPGA_PROJECTS/RHV4.0_FPGA/RH_STREAMFAKE/RH_STREAMFAKE.gen/sources_1/bd/design_1/ipshared/0568/hdl/verilog/xsdbm_v3_0_5_bs_core.vh:32]
INFO: [Synth 8-11241] undeclared symbol 'tms_int', assumed default net type 'wire' [e:/FPGA_PROJECTS/RHV4.0_FPGA/RH_STREAMFAKE/RH_STREAMFAKE.gen/sources_1/bd/design_1/ipshared/0568/hdl/verilog/xsdbm_v3_0_5_bs_core.vh:69]
INFO: [Synth 8-11241] undeclared symbol 'runtest_int', assumed default net type 'wire' [e:/FPGA_PROJECTS/RHV4.0_FPGA/RH_STREAMFAKE/RH_STREAMFAKE.gen/sources_1/bd/design_1/ipshared/0568/hdl/verilog/xsdbm_v3_0_5_bs_core.vh:71]
INFO: [Synth 8-11241] undeclared symbol 'tms_int', assumed default net type 'wire' [e:/FPGA_PROJECTS/RHV4.0_FPGA/RH_STREAMFAKE/RH_STREAMFAKE.gen/sources_1/bd/design_1/ipshared/0568/hdl/verilog/xsdbm_v3_0_5_bs_core.vh:109]
INFO: [Synth 8-11241] undeclared symbol 'runtest_int', assumed default net type 'wire' [e:/FPGA_PROJECTS/RHV4.0_FPGA/RH_STREAMFAKE/RH_STREAMFAKE.gen/sources_1/bd/design_1/ipshared/0568/hdl/verilog/xsdbm_v3_0_5_bs_core.vh:111]
INFO: [Synth 8-11241] undeclared symbol 'tms_int', assumed default net type 'wire' [e:/FPGA_PROJECTS/RHV4.0_FPGA/RH_STREAMFAKE/RH_STREAMFAKE.gen/sources_1/bd/design_1/ipshared/0568/hdl/verilog/xsdbm_v3_0_5_bs_core.vh:150]
INFO: [Synth 8-11241] undeclared symbol 'runtest_int', assumed default net type 'wire' [e:/FPGA_PROJECTS/RHV4.0_FPGA/RH_STREAMFAKE/RH_STREAMFAKE.gen/sources_1/bd/design_1/ipshared/0568/hdl/verilog/xsdbm_v3_0_5_bs_core.vh:152]
INFO: [Synth 8-11241] undeclared symbol 'tms_int', assumed default net type 'wire' [e:/FPGA_PROJECTS/RHV4.0_FPGA/RH_STREAMFAKE/RH_STREAMFAKE.gen/sources_1/bd/design_1/ipshared/0568/hdl/verilog/xsdbm_v3_0_5_bs_core.vh:192]
INFO: [Synth 8-11241] undeclared symbol 'runtest_int', assumed default net type 'wire' [e:/FPGA_PROJECTS/RHV4.0_FPGA/RH_STREAMFAKE/RH_STREAMFAKE.gen/sources_1/bd/design_1/ipshared/0568/hdl/verilog/xsdbm_v3_0_5_bs_core.vh:194]
INFO: [Synth 8-11241] undeclared symbol 'tms_int', assumed default net type 'wire' [e:/FPGA_PROJECTS/RHV4.0_FPGA/RH_STREAMFAKE/RH_STREAMFAKE.gen/sources_1/bd/design_1/ipshared/0568/hdl/verilog/xsdbm_v3_0_5_bs_core.vh:235]
INFO: [Synth 8-11241] undeclared symbol 'runtest_int', assumed default net type 'wire' [e:/FPGA_PROJECTS/RHV4.0_FPGA/RH_STREAMFAKE/RH_STREAMFAKE.gen/sources_1/bd/design_1/ipshared/0568/hdl/verilog/xsdbm_v3_0_5_bs_core.vh:237]
INFO: [Synth 8-11241] undeclared symbol 'tms_int', assumed default net type 'wire' [e:/FPGA_PROJECTS/RHV4.0_FPGA/RH_STREAMFAKE/RH_STREAMFAKE.gen/sources_1/bd/design_1/ipshared/0568/hdl/verilog/xsdbm_v3_0_5_bs_core.vh:279]
INFO: [Synth 8-11241] undeclared symbol 'runtest_int', assumed default net type 'wire' [e:/FPGA_PROJECTS/RHV4.0_FPGA/RH_STREAMFAKE/RH_STREAMFAKE.gen/sources_1/bd/design_1/ipshared/0568/hdl/verilog/xsdbm_v3_0_5_bs_core.vh:281]
INFO: [Synth 8-11241] undeclared symbol 'tms_int', assumed default net type 'wire' [e:/FPGA_PROJECTS/RHV4.0_FPGA/RH_STREAMFAKE/RH_STREAMFAKE.gen/sources_1/bd/design_1/ipshared/0568/hdl/verilog/xsdbm_v3_0_5_bs_core.vh:324]
INFO: [Synth 8-11241] undeclared symbol 'runtest_int', assumed default net type 'wire' [e:/FPGA_PROJECTS/RHV4.0_FPGA/RH_STREAMFAKE/RH_STREAMFAKE.gen/sources_1/bd/design_1/ipshared/0568/hdl/verilog/xsdbm_v3_0_5_bs_core.vh:326]
INFO: [Synth 8-11241] undeclared symbol 'tms_int', assumed default net type 'wire' [e:/FPGA_PROJECTS/RHV4.0_FPGA/RH_STREAMFAKE/RH_STREAMFAKE.gen/sources_1/bd/design_1/ipshared/0568/hdl/verilog/xsdbm_v3_0_5_bs_core.vh:370]
INFO: [Synth 8-11241] undeclared symbol 'runtest_int', assumed default net type 'wire' [e:/FPGA_PROJECTS/RHV4.0_FPGA/RH_STREAMFAKE/RH_STREAMFAKE.gen/sources_1/bd/design_1/ipshared/0568/hdl/verilog/xsdbm_v3_0_5_bs_core.vh:372]
INFO: [Synth 8-11241] undeclared symbol 'tms_int', assumed default net type 'wire' [e:/FPGA_PROJECTS/RHV4.0_FPGA/RH_STREAMFAKE/RH_STREAMFAKE.gen/sources_1/bd/design_1/ipshared/0568/hdl/verilog/xsdbm_v3_0_5_bs_core.vh:417]
INFO: [Synth 8-11241] undeclared symbol 'runtest_int', assumed default net type 'wire' [e:/FPGA_PROJECTS/RHV4.0_FPGA/RH_STREAMFAKE/RH_STREAMFAKE.gen/sources_1/bd/design_1/ipshared/0568/hdl/verilog/xsdbm_v3_0_5_bs_core.vh:419]
INFO: [Synth 8-11241] undeclared symbol 'tms_int', assumed default net type 'wire' [e:/FPGA_PROJECTS/RHV4.0_FPGA/RH_STREAMFAKE/RH_STREAMFAKE.gen/sources_1/bd/design_1/ipshared/0568/hdl/verilog/xsdbm_v3_0_5_bs_core.vh:465]
INFO: [Synth 8-11241] undeclared symbol 'runtest_int', assumed default net type 'wire' [e:/FPGA_PROJECTS/RHV4.0_FPGA/RH_STREAMFAKE/RH_STREAMFAKE.gen/sources_1/bd/design_1/ipshared/0568/hdl/verilog/xsdbm_v3_0_5_bs_core.vh:467]
INFO: [Synth 8-11241] undeclared symbol 'tms_int', assumed default net type 'wire' [e:/FPGA_PROJECTS/RHV4.0_FPGA/RH_STREAMFAKE/RH_STREAMFAKE.gen/sources_1/bd/design_1/ipshared/0568/hdl/verilog/xsdbm_v3_0_5_bs_core.vh:514]
INFO: [Synth 8-11241] undeclared symbol 'runtest_int', assumed default net type 'wire' [e:/FPGA_PROJECTS/RHV4.0_FPGA/RH_STREAMFAKE/RH_STREAMFAKE.gen/sources_1/bd/design_1/ipshared/0568/hdl/verilog/xsdbm_v3_0_5_bs_core.vh:516]
INFO: [Synth 8-11241] undeclared symbol 'tms_int', assumed default net type 'wire' [e:/FPGA_PROJECTS/RHV4.0_FPGA/RH_STREAMFAKE/RH_STREAMFAKE.gen/sources_1/bd/design_1/ipshared/0568/hdl/verilog/xsdbm_v3_0_5_bs_core.vh:564]
INFO: [Synth 8-11241] undeclared symbol 'runtest_int', assumed default net type 'wire' [e:/FPGA_PROJECTS/RHV4.0_FPGA/RH_STREAMFAKE/RH_STREAMFAKE.gen/sources_1/bd/design_1/ipshared/0568/hdl/verilog/xsdbm_v3_0_5_bs_core.vh:566]
INFO: [Synth 8-11241] undeclared symbol 'tms_int', assumed default net type 'wire' [e:/FPGA_PROJECTS/RHV4.0_FPGA/RH_STREAMFAKE/RH_STREAMFAKE.gen/sources_1/bd/design_1/ipshared/0568/hdl/verilog/xsdbm_v3_0_5_bs_core.vh:615]
INFO: [Synth 8-11241] undeclared symbol 'runtest_int', assumed default net type 'wire' [e:/FPGA_PROJECTS/RHV4.0_FPGA/RH_STREAMFAKE/RH_STREAMFAKE.gen/sources_1/bd/design_1/ipshared/0568/hdl/verilog/xsdbm_v3_0_5_bs_core.vh:617]
INFO: [Synth 8-11241] undeclared symbol 'tms_int', assumed default net type 'wire' [e:/FPGA_PROJECTS/RHV4.0_FPGA/RH_STREAMFAKE/RH_STREAMFAKE.gen/sources_1/bd/design_1/ipshared/0568/hdl/verilog/xsdbm_v3_0_5_bs_core_vec.vh:30]
INFO: [Synth 8-11241] undeclared symbol 'runtest_int', assumed default net type 'wire' [e:/FPGA_PROJECTS/RHV4.0_FPGA/RH_STREAMFAKE/RH_STREAMFAKE.gen/sources_1/bd/design_1/ipshared/0568/hdl/verilog/xsdbm_v3_0_5_bs_core_vec.vh:32]
INFO: [Synth 8-11241] undeclared symbol 'tms_int', assumed default net type 'wire' [e:/FPGA_PROJECTS/RHV4.0_FPGA/RH_STREAMFAKE/RH_STREAMFAKE.gen/sources_1/bd/design_1/ipshared/0568/hdl/verilog/xsdbm_v3_0_5_bs_core_vec.vh:65]
INFO: [Synth 8-11241] undeclared symbol 'runtest_int', assumed default net type 'wire' [e:/FPGA_PROJECTS/RHV4.0_FPGA/RH_STREAMFAKE/RH_STREAMFAKE.gen/sources_1/bd/design_1/ipshared/0568/hdl/verilog/xsdbm_v3_0_5_bs_core_vec.vh:67]
INFO: [Synth 8-11241] undeclared symbol 'tms_int', assumed default net type 'wire' [e:/FPGA_PROJECTS/RHV4.0_FPGA/RH_STREAMFAKE/RH_STREAMFAKE.gen/sources_1/bd/design_1/ipshared/0568/hdl/verilog/xsdbm_v3_0_5_bs_core_vec.vh:100]
INFO: [Synth 8-11241] undeclared symbol 'runtest_int', assumed default net type 'wire' [e:/FPGA_PROJECTS/RHV4.0_FPGA/RH_STREAMFAKE/RH_STREAMFAKE.gen/sources_1/bd/design_1/ipshared/0568/hdl/verilog/xsdbm_v3_0_5_bs_core_vec.vh:102]
INFO: [Synth 8-11241] undeclared symbol 'tms_int', assumed default net type 'wire' [e:/FPGA_PROJECTS/RHV4.0_FPGA/RH_STREAMFAKE/RH_STREAMFAKE.gen/sources_1/bd/design_1/ipshared/0568/hdl/verilog/xsdbm_v3_0_5_bs_core_vec.vh:135]
INFO: [Synth 8-11241] undeclared symbol 'runtest_int', assumed default net type 'wire' [e:/FPGA_PROJECTS/RHV4.0_FPGA/RH_STREAMFAKE/RH_STREAMFAKE.gen/sources_1/bd/design_1/ipshared/0568/hdl/verilog/xsdbm_v3_0_5_bs_core_vec.vh:137]
INFO: [Synth 8-11241] undeclared symbol 'tms_int', assumed default net type 'wire' [e:/FPGA_PROJECTS/RHV4.0_FPGA/RH_STREAMFAKE/RH_STREAMFAKE.gen/sources_1/bd/design_1/ipshared/0568/hdl/verilog/xsdbm_v3_0_5_bs_core_vec.vh:170]
INFO: [Synth 8-11241] undeclared symbol 'runtest_int', assumed default net type 'wire' [e:/FPGA_PROJECTS/RHV4.0_FPGA/RH_STREAMFAKE/RH_STREAMFAKE.gen/sources_1/bd/design_1/ipshared/0568/hdl/verilog/xsdbm_v3_0_5_bs_core_vec.vh:172]
INFO: [Synth 8-11241] undeclared symbol 'tms_int', assumed default net type 'wire' [e:/FPGA_PROJECTS/RHV4.0_FPGA/RH_STREAMFAKE/RH_STREAMFAKE.gen/sources_1/bd/design_1/ipshared/0568/hdl/verilog/xsdbm_v3_0_5_bs_core_vec.vh:205]
INFO: [Synth 8-11241] undeclared symbol 'runtest_int', assumed default net type 'wire' [e:/FPGA_PROJECTS/RHV4.0_FPGA/RH_STREAMFAKE/RH_STREAMFAKE.gen/sources_1/bd/design_1/ipshared/0568/hdl/verilog/xsdbm_v3_0_5_bs_core_vec.vh:207]
INFO: [Synth 8-11241] undeclared symbol 'tms_int', assumed default net type 'wire' [e:/FPGA_PROJECTS/RHV4.0_FPGA/RH_STREAMFAKE/RH_STREAMFAKE.gen/sources_1/bd/design_1/ipshared/0568/hdl/verilog/xsdbm_v3_0_5_bs_core_vec.vh:240]
INFO: [Synth 8-11241] undeclared symbol 'runtest_int', assumed default net type 'wire' [e:/FPGA_PROJECTS/RHV4.0_FPGA/RH_STREAMFAKE/RH_STREAMFAKE.gen/sources_1/bd/design_1/ipshared/0568/hdl/verilog/xsdbm_v3_0_5_bs_core_vec.vh:242]
INFO: [Synth 8-11241] undeclared symbol 'tms_int', assumed default net type 'wire' [e:/FPGA_PROJECTS/RHV4.0_FPGA/RH_STREAMFAKE/RH_STREAMFAKE.gen/sources_1/bd/design_1/ipshared/0568/hdl/verilog/xsdbm_v3_0_5_bs_core_vec.vh:275]
INFO: [Synth 8-11241] undeclared symbol 'runtest_int', assumed default net type 'wire' [e:/FPGA_PROJECTS/RHV4.0_FPGA/RH_STREAMFAKE/RH_STREAMFAKE.gen/sources_1/bd/design_1/ipshared/0568/hdl/verilog/xsdbm_v3_0_5_bs_core_vec.vh:277]
INFO: [Synth 8-11241] undeclared symbol 'tms_int', assumed default net type 'wire' [e:/FPGA_PROJECTS/RHV4.0_FPGA/RH_STREAMFAKE/RH_STREAMFAKE.gen/sources_1/bd/design_1/ipshared/0568/hdl/verilog/xsdbm_v3_0_5_bs_core_vec.vh:310]
INFO: [Synth 8-11241] undeclared symbol 'runtest_int', assumed default net type 'wire' [e:/FPGA_PROJECTS/RHV4.0_FPGA/RH_STREAMFAKE/RH_STREAMFAKE.gen/sources_1/bd/design_1/ipshared/0568/hdl/verilog/xsdbm_v3_0_5_bs_core_vec.vh:312]
INFO: [Synth 8-11241] undeclared symbol 'tms_int', assumed default net type 'wire' [e:/FPGA_PROJECTS/RHV4.0_FPGA/RH_STREAMFAKE/RH_STREAMFAKE.gen/sources_1/bd/design_1/ipshared/0568/hdl/verilog/xsdbm_v3_0_5_bs_core_vec.vh:345]
INFO: [Synth 8-11241] undeclared symbol 'runtest_int', assumed default net type 'wire' [e:/FPGA_PROJECTS/RHV4.0_FPGA/RH_STREAMFAKE/RH_STREAMFAKE.gen/sources_1/bd/design_1/ipshared/0568/hdl/verilog/xsdbm_v3_0_5_bs_core_vec.vh:347]
INFO: [Synth 8-11241] undeclared symbol 'tms_int', assumed default net type 'wire' [e:/FPGA_PROJECTS/RHV4.0_FPGA/RH_STREAMFAKE/RH_STREAMFAKE.gen/sources_1/bd/design_1/ipshared/0568/hdl/verilog/xsdbm_v3_0_5_bs_core_vec.vh:380]
INFO: [Synth 8-11241] undeclared symbol 'runtest_int', assumed default net type 'wire' [e:/FPGA_PROJECTS/RHV4.0_FPGA/RH_STREAMFAKE/RH_STREAMFAKE.gen/sources_1/bd/design_1/ipshared/0568/hdl/verilog/xsdbm_v3_0_5_bs_core_vec.vh:382]
INFO: [Synth 8-11241] undeclared symbol 'tms_int', assumed default net type 'wire' [e:/FPGA_PROJECTS/RHV4.0_FPGA/RH_STREAMFAKE/RH_STREAMFAKE.gen/sources_1/bd/design_1/ipshared/0568/hdl/verilog/xsdbm_v3_0_5_bs_core_vec.vh:415]
INFO: [Synth 8-11241] undeclared symbol 'runtest_int', assumed default net type 'wire' [e:/FPGA_PROJECTS/RHV4.0_FPGA/RH_STREAMFAKE/RH_STREAMFAKE.gen/sources_1/bd/design_1/ipshared/0568/hdl/verilog/xsdbm_v3_0_5_bs_core_vec.vh:417]
INFO: [Synth 8-11241] undeclared symbol 'tms_int', assumed default net type 'wire' [e:/FPGA_PROJECTS/RHV4.0_FPGA/RH_STREAMFAKE/RH_STREAMFAKE.gen/sources_1/bd/design_1/ipshared/0568/hdl/verilog/xsdbm_v3_0_5_bs_core_vec.vh:450]
INFO: [Synth 8-11241] undeclared symbol 'runtest_int', assumed default net type 'wire' [e:/FPGA_PROJECTS/RHV4.0_FPGA/RH_STREAMFAKE/RH_STREAMFAKE.gen/sources_1/bd/design_1/ipshared/0568/hdl/verilog/xsdbm_v3_0_5_bs_core_vec.vh:452]
INFO: [Synth 8-11241] undeclared symbol 'tms_int', assumed default net type 'wire' [e:/FPGA_PROJECTS/RHV4.0_FPGA/RH_STREAMFAKE/RH_STREAMFAKE.gen/sources_1/bd/design_1/ipshared/0568/hdl/verilog/xsdbm_v3_0_5_bs_core_vec.vh:485]
INFO: [Synth 8-11241] undeclared symbol 'runtest_int', assumed default net type 'wire' [e:/FPGA_PROJECTS/RHV4.0_FPGA/RH_STREAMFAKE/RH_STREAMFAKE.gen/sources_1/bd/design_1/ipshared/0568/hdl/verilog/xsdbm_v3_0_5_bs_core_vec.vh:487]
INFO: [Synth 8-11241] undeclared symbol 'tms_int', assumed default net type 'wire' [e:/FPGA_PROJECTS/RHV4.0_FPGA/RH_STREAMFAKE/RH_STREAMFAKE.gen/sources_1/bd/design_1/ipshared/0568/hdl/verilog/xsdbm_v3_0_5_bs_core_vec.vh:30]
INFO: [Synth 8-11241] undeclared symbol 'runtest_int', assumed default net type 'wire' [e:/FPGA_PROJECTS/RHV4.0_FPGA/RH_STREAMFAKE/RH_STREAMFAKE.gen/sources_1/bd/design_1/ipshared/0568/hdl/verilog/xsdbm_v3_0_5_bs_core_vec.vh:32]
INFO: [Synth 8-11241] undeclared symbol 'tms_int', assumed default net type 'wire' [e:/FPGA_PROJECTS/RHV4.0_FPGA/RH_STREAMFAKE/RH_STREAMFAKE.gen/sources_1/bd/design_1/ipshared/0568/hdl/verilog/xsdbm_v3_0_5_bs_core_vec.vh:65]
INFO: [Synth 8-11241] undeclared symbol 'runtest_int', assumed default net type 'wire' [e:/FPGA_PROJECTS/RHV4.0_FPGA/RH_STREAMFAKE/RH_STREAMFAKE.gen/sources_1/bd/design_1/ipshared/0568/hdl/verilog/xsdbm_v3_0_5_bs_core_vec.vh:67]
INFO: [Synth 8-11241] undeclared symbol 'tms_int', assumed default net type 'wire' [e:/FPGA_PROJECTS/RHV4.0_FPGA/RH_STREAMFAKE/RH_STREAMFAKE.gen/sources_1/bd/design_1/ipshared/0568/hdl/verilog/xsdbm_v3_0_5_bs_core_vec.vh:100]
INFO: [Synth 8-11241] undeclared symbol 'runtest_int', assumed default net type 'wire' [e:/FPGA_PROJECTS/RHV4.0_FPGA/RH_STREAMFAKE/RH_STREAMFAKE.gen/sources_1/bd/design_1/ipshared/0568/hdl/verilog/xsdbm_v3_0_5_bs_core_vec.vh:102]
INFO: [Synth 8-11241] undeclared symbol 'tms_int', assumed default net type 'wire' [e:/FPGA_PROJECTS/RHV4.0_FPGA/RH_STREAMFAKE/RH_STREAMFAKE.gen/sources_1/bd/design_1/ipshared/0568/hdl/verilog/xsdbm_v3_0_5_bs_core_vec.vh:135]
INFO: [Synth 8-11241] undeclared symbol 'runtest_int', assumed default net type 'wire' [e:/FPGA_PROJECTS/RHV4.0_FPGA/RH_STREAMFAKE/RH_STREAMFAKE.gen/sources_1/bd/design_1/ipshared/0568/hdl/verilog/xsdbm_v3_0_5_bs_core_vec.vh:137]
INFO: [Synth 8-11241] undeclared symbol 'tms_int', assumed default net type 'wire' [e:/FPGA_PROJECTS/RHV4.0_FPGA/RH_STREAMFAKE/RH_STREAMFAKE.gen/sources_1/bd/design_1/ipshared/0568/hdl/verilog/xsdbm_v3_0_5_bs_core_vec.vh:170]
INFO: [Synth 8-11241] undeclared symbol 'runtest_int', assumed default net type 'wire' [e:/FPGA_PROJECTS/RHV4.0_FPGA/RH_STREAMFAKE/RH_STREAMFAKE.gen/sources_1/bd/design_1/ipshared/0568/hdl/verilog/xsdbm_v3_0_5_bs_core_vec.vh:172]
INFO: [Synth 8-11241] undeclared symbol 'tms_int', assumed default net type 'wire' [e:/FPGA_PROJECTS/RHV4.0_FPGA/RH_STREAMFAKE/RH_STREAMFAKE.gen/sources_1/bd/design_1/ipshared/0568/hdl/verilog/xsdbm_v3_0_5_bs_core_vec.vh:205]
INFO: [Synth 8-11241] undeclared symbol 'runtest_int', assumed default net type 'wire' [e:/FPGA_PROJECTS/RHV4.0_FPGA/RH_STREAMFAKE/RH_STREAMFAKE.gen/sources_1/bd/design_1/ipshared/0568/hdl/verilog/xsdbm_v3_0_5_bs_core_vec.vh:207]
INFO: [Synth 8-11241] undeclared symbol 'tms_int', assumed default net type 'wire' [e:/FPGA_PROJECTS/RHV4.0_FPGA/RH_STREAMFAKE/RH_STREAMFAKE.gen/sources_1/bd/design_1/ipshared/0568/hdl/verilog/xsdbm_v3_0_5_bs_core_vec.vh:240]
INFO: [Synth 8-11241] undeclared symbol 'runtest_int', assumed default net type 'wire' [e:/FPGA_PROJECTS/RHV4.0_FPGA/RH_STREAMFAKE/RH_STREAMFAKE.gen/sources_1/bd/design_1/ipshared/0568/hdl/verilog/xsdbm_v3_0_5_bs_core_vec.vh:242]
INFO: [Synth 8-11241] undeclared symbol 'tms_int', assumed default net type 'wire' [e:/FPGA_PROJECTS/RHV4.0_FPGA/RH_STREAMFAKE/RH_STREAMFAKE.gen/sources_1/bd/design_1/ipshared/0568/hdl/verilog/xsdbm_v3_0_5_bs_core_vec.vh:275]
INFO: [Synth 8-11241] undeclared symbol 'runtest_int', assumed default net type 'wire' [e:/FPGA_PROJECTS/RHV4.0_FPGA/RH_STREAMFAKE/RH_STREAMFAKE.gen/sources_1/bd/design_1/ipshared/0568/hdl/verilog/xsdbm_v3_0_5_bs_core_vec.vh:277]
INFO: [Common 17-14] Message 'Synth 8-11241' appears 100 times and further instances of the messages will be disabled. Use the Tcl command set_msg_config to change the current settings.
INFO: [Synth 8-6157] synthesizing module 'design_1_ila_1_0' [e:/FPGA_PROJECTS/RHV4.0_FPGA/RH_STREAMFAKE/RH_STREAMFAKE.gen/sources_1/bd/design_1/ip/design_1_ila_1_0/synth/design_1_ila_1_0.v:48]
INFO: [Synth 8-6157] synthesizing module 'CFGLUT5' [E:/AMDDesignTools/2025.2/Vivado/scripts/rt/data/unisim_comp.v:3131]
INFO: [Synth 8-6155] done synthesizing module 'CFGLUT5' (0#1) [E:/AMDDesignTools/2025.2/Vivado/scripts/rt/data/unisim_comp.v:3131]
INFO: [Synth 8-6157] synthesizing module 'CARRY4' [E:/AMDDesignTools/2025.2/Vivado/scripts/rt/data/unisim_comp.v:3094]
INFO: [Synth 8-6155] done synthesizing module 'CARRY4' (0#1) [E:/AMDDesignTools/2025.2/Vivado/scripts/rt/data/unisim_comp.v:3094]
INFO: [Synth 8-6157] synthesizing module 'SRLC32E' [E:/AMDDesignTools/2025.2/Vivado/scripts/rt/data/unisim_comp.v:165484]
INFO: [Synth 8-6155] done synthesizing module 'SRLC32E' (0#1) [E:/AMDDesignTools/2025.2/Vivado/scripts/rt/data/unisim_comp.v:165484]
INFO: [Synth 8-6157] synthesizing module 'SRL16E' [E:/AMDDesignTools/2025.2/Vivado/scripts/rt/data/unisim_comp.v:165334]
INFO: [Synth 8-6155] done synthesizing module 'SRL16E' (0#1) [E:/AMDDesignTools/2025.2/Vivado/scripts/rt/data/unisim_comp.v:165334]
INFO: [Synth 8-6157] synthesizing module 'SRLC16E' [E:/AMDDesignTools/2025.2/Vivado/scripts/rt/data/unisim_comp.v:165423]
INFO: [Synth 8-6155] done synthesizing module 'SRLC16E' (0#1) [E:/AMDDesignTools/2025.2/Vivado/scripts/rt/data/unisim_comp.v:165423]
INFO: [Synth 8-6157] synthesizing module 'FDRE' [E:/AMDDesignTools/2025.2/Vivado/scripts/rt/data/unisim_comp.v:49396]
INFO: [Synth 8-6155] done synthesizing module 'FDRE' (0#1) [E:/AMDDesignTools/2025.2/Vivado/scripts/rt/data/unisim_comp.v:49396]
INFO: [Synth 8-7071] port 'clk_nobuf' of module 'ila_v6_2_19_ila' is unconnected for instance 'inst' [e:/FPGA_PROJECTS/RHV4.0_FPGA/RH_STREAMFAKE/RH_STREAMFAKE.gen/sources_1/bd/design_1/ip/design_1_ila_1_0/synth/design_1_ila_1_0.v:3211]
INFO: [Synth 8-7071] port 'clkdiv_out' of module 'ila_v6_2_19_ila' is unconnected for instance 'inst' [e:/FPGA_PROJECTS/RHV4.0_FPGA/RH_STREAMFAKE/RH_STREAMFAKE.gen/sources_1/bd/design_1/ip/design_1_ila_1_0/synth/design_1_ila_1_0.v:3211]
INFO: [Synth 8-7071] port 'trig_in' of module 'ila_v6_2_19_ila' is unconnected for instance 'inst' [e:/FPGA_PROJECTS/RHV4.0_FPGA/RH_STREAMFAKE/RH_STREAMFAKE.gen/sources_1/bd/design_1/ip/design_1_ila_1_0/synth/design_1_ila_1_0.v:3211]
INFO: [Synth 8-7071] port 'trig_in_ack' of module 'ila_v6_2_19_ila' is unconnected for instance 'inst' [e:/FPGA_PROJECTS/RHV4.0_FPGA/RH_STREAMFAKE/RH_STREAMFAKE.gen/sources_1/bd/design_1/ip/design_1_ila_1_0/synth/design_1_ila_1_0.v:3211]
INFO: [Synth 8-7071] port 'trig_out' of module 'ila_v6_2_19_ila' is unconnected for instance 'inst' [e:/FPGA_PROJECTS/RHV4.0_FPGA/RH_STREAMFAKE/RH_STREAMFAKE.gen/sources_1/bd/design_1/ip/design_1_ila_1_0/synth/design_1_ila_1_0.v:3211]
INFO: [Synth 8-7071] port 'trig_out_ack' of module 'ila_v6_2_19_ila' is unconnected for instance 'inst' [e:/FPGA_PROJECTS/RHV4.0_FPGA/RH_STREAMFAKE/RH_STREAMFAKE.gen/sources_1/bd/design_1/ip/design_1_ila_1_0/synth/design_1_ila_1_0.v:3211]
INFO: [Synth 8-7023] instance 'inst' of module 'ila_v6_2_19_ila' has 1033 connections declared, but only 1027 given [e:/FPGA_PROJECTS/RHV4.0_FPGA/RH_STREAMFAKE/RH_STREAMFAKE.gen/sources_1/bd/design_1/ip/design_1_ila_1_0/synth/design_1_ila_1_0.v:3211]
INFO: [Synth 8-6155] done synthesizing module 'design_1_ila_1_0' (0#1) [e:/FPGA_PROJECTS/RHV4.0_FPGA/RH_STREAMFAKE/RH_STREAMFAKE.gen/sources_1/bd/design_1/ip/design_1_ila_1_0/synth/design_1_ila_1_0.v:48]
INFO: [Synth 8-3848] Net sl_iport0 in module/entity design_1_ila_1_0 does not have driver. [e:/FPGA_PROJECTS/RHV4.0_FPGA/RH_STREAMFAKE/RH_STREAMFAKE.gen/sources_1/bd/design_1/ip/design_1_ila_1_0/synth/design_1_ila_1_0.v:100]
INFO: [Synth 8-7129] Port CLKB in module blk_mem_gen_v8_4_12_blk_mem_output_block is either unconnected or has no load
INFO: [Synth 8-7129] Port DOUTA_I[36] in module blk_mem_gen_v8_4_12_blk_mem_output_block is either unconnected or has no load
INFO: [Synth 8-7129] Port DOUTA_I[35] in module blk_mem_gen_v8_4_12_blk_mem_output_block is either unconnected or has no load
INFO: [Synth 8-7129] Port DOUTA_I[34] in module blk_mem_gen_v8_4_12_blk_mem_output_block is either unconnected or has no load
INFO: [Synth 8-7129] Port DOUTA_I[33] in module blk_mem_gen_v8_4_12_blk_mem_output_block is either unconnected or has no load
INFO: [Synth 8-7129] Port DOUTA_I[32] in module blk_mem_gen_v8_4_12_blk_mem_output_block is either unconnected or has no load
INFO: [Synth 8-7129] Port DOUTA_I[31] in module blk_mem_gen_v8_4_12_blk_mem_output_block is either unconnected or has no load
INFO: [Synth 8-7129] Port DOUTA_I[30] in module blk_mem_gen_v8_4_12_blk_mem_output_block is either unconnected or has no load
INFO: [Synth 8-7129] Port DOUTA_I[29] in module blk_mem_gen_v8_4_12_blk_mem_output_block is either unconnected or has no load
INFO: [Synth 8-7129] Port DOUTA_I[28] in module blk_mem_gen_v8_4_12_blk_mem_output_block is either unconnected or has no load
INFO: [Synth 8-7129] Port DOUTA_I[27] in module blk_mem_gen_v8_4_12_blk_mem_output_block is either unconnected or has no load
INFO: [Synth 8-7129] Port DOUTA_I[26] in module blk_mem_gen_v8_4_12_blk_mem_output_block is either unconnected or has no load
INFO: [Synth 8-7129] Port DOUTA_I[25] in module blk_mem_gen_v8_4_12_blk_mem_output_block is either unconnected or has no load
INFO: [Synth 8-7129] Port DOUTA_I[24] in module blk_mem_gen_v8_4_12_blk_mem_output_block is either unconnected or has no load
INFO: [Synth 8-7129] Port DOUTA_I[23] in module blk_mem_gen_v8_4_12_blk_mem_output_block is either unconnected or has no load
INFO: [Synth 8-7129] Port DOUTA_I[22] in module blk_mem_gen_v8_4_12_blk_mem_output_block is either unconnected or has no load
INFO: [Synth 8-7129] Port DOUTA_I[21] in module blk_mem_gen_v8_4_12_blk_mem_output_block is either unconnected or has no load
INFO: [Synth 8-7129] Port DOUTA_I[20] in module blk_mem_gen_v8_4_12_blk_mem_output_block is either unconnected or has no load
INFO: [Synth 8-7129] Port DOUTA_I[19] in module blk_mem_gen_v8_4_12_blk_mem_output_block is either unconnected or has no load
INFO: [Synth 8-7129] Port DOUTA_I[18] in module blk_mem_gen_v8_4_12_blk_mem_output_block is either unconnected or has no load
INFO: [Synth 8-7129] Port DOUTA_I[17] in module blk_mem_gen_v8_4_12_blk_mem_output_block is either unconnected or has no load
INFO: [Synth 8-7129] Port DOUTA_I[16] in module blk_mem_gen_v8_4_12_blk_mem_output_block is either unconnected or has no load
INFO: [Synth 8-7129] Port DOUTA_I[15] in module blk_mem_gen_v8_4_12_blk_mem_output_block is either unconnected or has no load
INFO: [Synth 8-7129] Port DOUTA_I[14] in module blk_mem_gen_v8_4_12_blk_mem_output_block is either unconnected or has no load
INFO: [Synth 8-7129] Port DOUTA_I[13] in module blk_mem_gen_v8_4_12_blk_mem_output_block is either unconnected or has no load
INFO: [Synth 8-7129] Port DOUTA_I[12] in module blk_mem_gen_v8_4_12_blk_mem_output_block is either unconnected or has no load
INFO: [Synth 8-7129] Port DOUTA_I[11] in module blk_mem_gen_v8_4_12_blk_mem_output_block is either unconnected or has no load
INFO: [Synth 8-7129] Port DOUTA_I[10] in module blk_mem_gen_v8_4_12_blk_mem_output_block is either unconnected or has no load
INFO: [Synth 8-7129] Port DOUTA_I[9] in module blk_mem_gen_v8_4_12_blk_mem_output_block is either unconnected or has no load
INFO: [Synth 8-7129] Port DOUTA_I[8] in module blk_mem_gen_v8_4_12_blk_mem_output_block is either unconnected or has no load
INFO: [Synth 8-7129] Port DOUTA_I[7] in module blk_mem_gen_v8_4_12_blk_mem_output_block is either unconnected or has no load
INFO: [Synth 8-7129] Port DOUTA_I[6] in module blk_mem_gen_v8_4_12_blk_mem_output_block is either unconnected or has no load
INFO: [Synth 8-7129] Port DOUTA_I[5] in module blk_mem_gen_v8_4_12_blk_mem_output_block is either unconnected or has no load
INFO: [Synth 8-7129] Port DOUTA_I[4] in module blk_mem_gen_v8_4_12_blk_mem_output_block is either unconnected or has no load
INFO: [Synth 8-7129] Port DOUTA_I[3] in module blk_mem_gen_v8_4_12_blk_mem_output_block is either unconnected or has no load
INFO: [Synth 8-7129] Port DOUTA_I[2] in module blk_mem_gen_v8_4_12_blk_mem_output_block is either unconnected or has no load
INFO: [Synth 8-7129] Port DOUTA_I[1] in module blk_mem_gen_v8_4_12_blk_mem_output_block is either unconnected or has no load
INFO: [Synth 8-7129] Port DOUTA_I[0] in module blk_mem_gen_v8_4_12_blk_mem_output_block is either unconnected or has no load
INFO: [Synth 8-7129] Port SBITERR_I in module blk_mem_gen_v8_4_12_blk_mem_output_block is either unconnected or has no load
INFO: [Synth 8-7129] Port DBITERR_I in module blk_mem_gen_v8_4_12_blk_mem_output_block is either unconnected or has no load
INFO: [Synth 8-7129] Port RDADDRECC_I[9] in module blk_mem_gen_v8_4_12_blk_mem_output_block is either unconnected or has no load
INFO: [Synth 8-7129] Port RDADDRECC_I[8] in module blk_mem_gen_v8_4_12_blk_mem_output_block is either unconnected or has no load
INFO: [Synth 8-7129] Port RDADDRECC_I[7] in module blk_mem_gen_v8_4_12_blk_mem_output_block is either unconnected or has no load
INFO: [Synth 8-7129] Port RDADDRECC_I[6] in module blk_mem_gen_v8_4_12_blk_mem_output_block is either unconnected or has no load
INFO: [Synth 8-7129] Port RDADDRECC_I[5] in module blk_mem_gen_v8_4_12_blk_mem_output_block is either unconnected or has no load
INFO: [Synth 8-7129] Port RDADDRECC_I[4] in module blk_mem_gen_v8_4_12_blk_mem_output_block is either unconnected or has no load
INFO: [Synth 8-7129] Port RDADDRECC_I[3] in module blk_mem_gen_v8_4_12_blk_mem_output_block is either unconnected or has no load
INFO: [Synth 8-7129] Port RDADDRECC_I[2] in module blk_mem_gen_v8_4_12_blk_mem_output_block is either unconnected or has no load
INFO: [Synth 8-7129] Port RDADDRECC_I[1] in module blk_mem_gen_v8_4_12_blk_mem_output_block is either unconnected or has no load
INFO: [Synth 8-7129] Port RDADDRECC_I[0] in module blk_mem_gen_v8_4_12_blk_mem_output_block is either unconnected or has no load
INFO: [Synth 8-7129] Port DOUTA[35] in module blk_mem_gen_v8_4_12_blk_mem_gen_prim_wrapper__parameterized0 is either unconnected or has no load
INFO: [Synth 8-7129] Port DOUTA[34] in module blk_mem_gen_v8_4_12_blk_mem_gen_prim_wrapper__parameterized0 is either unconnected or has no load
INFO: [Synth 8-7129] Port DOUTA[33] in module blk_mem_gen_v8_4_12_blk_mem_gen_prim_wrapper__parameterized0 is either unconnected or has no load
INFO: [Synth 8-7129] Port DOUTA[32] in module blk_mem_gen_v8_4_12_blk_mem_gen_prim_wrapper__parameterized0 is either unconnected or has no load
INFO: [Synth 8-7129] Port DOUTA[31] in module blk_mem_gen_v8_4_12_blk_mem_gen_prim_wrapper__parameterized0 is either unconnected or has no load
INFO: [Synth 8-7129] Port DOUTA[30] in module blk_mem_gen_v8_4_12_blk_mem_gen_prim_wrapper__parameterized0 is either unconnected or has no load
INFO: [Synth 8-7129] Port DOUTA[29] in module blk_mem_gen_v8_4_12_blk_mem_gen_prim_wrapper__parameterized0 is either unconnected or has no load
INFO: [Synth 8-7129] Port DOUTA[28] in module blk_mem_gen_v8_4_12_blk_mem_gen_prim_wrapper__parameterized0 is either unconnected or has no load
INFO: [Synth 8-7129] Port DOUTA[27] in module blk_mem_gen_v8_4_12_blk_mem_gen_prim_wrapper__parameterized0 is either unconnected or has no load
INFO: [Synth 8-7129] Port DOUTA[26] in module blk_mem_gen_v8_4_12_blk_mem_gen_prim_wrapper__parameterized0 is either unconnected or has no load
INFO: [Synth 8-7129] Port DOUTA[25] in module blk_mem_gen_v8_4_12_blk_mem_gen_prim_wrapper__parameterized0 is either unconnected or has no load
INFO: [Synth 8-7129] Port DOUTA[24] in module blk_mem_gen_v8_4_12_blk_mem_gen_prim_wrapper__parameterized0 is either unconnected or has no load
INFO: [Synth 8-7129] Port DOUTA[23] in module blk_mem_gen_v8_4_12_blk_mem_gen_prim_wrapper__parameterized0 is either unconnected or has no load
INFO: [Synth 8-7129] Port DOUTA[22] in module blk_mem_gen_v8_4_12_blk_mem_gen_prim_wrapper__parameterized0 is either unconnected or has no load
INFO: [Synth 8-7129] Port DOUTA[21] in module blk_mem_gen_v8_4_12_blk_mem_gen_prim_wrapper__parameterized0 is either unconnected or has no load
INFO: [Synth 8-7129] Port DOUTA[20] in module blk_mem_gen_v8_4_12_blk_mem_gen_prim_wrapper__parameterized0 is either unconnected or has no load
INFO: [Synth 8-7129] Port DOUTA[19] in module blk_mem_gen_v8_4_12_blk_mem_gen_prim_wrapper__parameterized0 is either unconnected or has no load
INFO: [Synth 8-7129] Port DOUTA[18] in module blk_mem_gen_v8_4_12_blk_mem_gen_prim_wrapper__parameterized0 is either unconnected or has no load
INFO: [Synth 8-7129] Port DOUTA[17] in module blk_mem_gen_v8_4_12_blk_mem_gen_prim_wrapper__parameterized0 is either unconnected or has no load
INFO: [Synth 8-7129] Port DOUTA[16] in module blk_mem_gen_v8_4_12_blk_mem_gen_prim_wrapper__parameterized0 is either unconnected or has no load
INFO: [Synth 8-7129] Port DOUTA[15] in module blk_mem_gen_v8_4_12_blk_mem_gen_prim_wrapper__parameterized0 is either unconnected or has no load
INFO: [Synth 8-7129] Port DOUTA[14] in module blk_mem_gen_v8_4_12_blk_mem_gen_prim_wrapper__parameterized0 is either unconnected or has no load
INFO: [Synth 8-7129] Port DOUTA[13] in module blk_mem_gen_v8_4_12_blk_mem_gen_prim_wrapper__parameterized0 is either unconnected or has no load
INFO: [Synth 8-7129] Port DOUTA[12] in module blk_mem_gen_v8_4_12_blk_mem_gen_prim_wrapper__parameterized0 is either unconnected or has no load
INFO: [Synth 8-7129] Port DOUTA[11] in module blk_mem_gen_v8_4_12_blk_mem_gen_prim_wrapper__parameterized0 is either unconnected or has no load
INFO: [Synth 8-7129] Port DOUTA[10] in module blk_mem_gen_v8_4_12_blk_mem_gen_prim_wrapper__parameterized0 is either unconnected or has no load
INFO: [Synth 8-7129] Port DOUTA[9] in module blk_mem_gen_v8_4_12_blk_mem_gen_prim_wrapper__parameterized0 is either unconnected or has no load
INFO: [Synth 8-7129] Port DOUTA[8] in module blk_mem_gen_v8_4_12_blk_mem_gen_prim_wrapper__parameterized0 is either unconnected or has no load
INFO: [Synth 8-7129] Port DOUTA[7] in module blk_mem_gen_v8_4_12_blk_mem_gen_prim_wrapper__parameterized0 is either unconnected or has no load
INFO: [Synth 8-7129] Port DOUTA[6] in module blk_mem_gen_v8_4_12_blk_mem_gen_prim_wrapper__parameterized0 is either unconnected or has no load
INFO: [Synth 8-7129] Port DOUTA[5] in module blk_mem_gen_v8_4_12_blk_mem_gen_prim_wrapper__parameterized0 is either unconnected or has no load
INFO: [Synth 8-7129] Port DOUTA[4] in module blk_mem_gen_v8_4_12_blk_mem_gen_prim_wrapper__parameterized0 is either unconnected or has no load
INFO: [Synth 8-7129] Port DOUTA[3] in module blk_mem_gen_v8_4_12_blk_mem_gen_prim_wrapper__parameterized0 is either unconnected or has no load
INFO: [Synth 8-7129] Port DOUTA[2] in module blk_mem_gen_v8_4_12_blk_mem_gen_prim_wrapper__parameterized0 is either unconnected or has no load
INFO: [Synth 8-7129] Port DOUTA[1] in module blk_mem_gen_v8_4_12_blk_mem_gen_prim_wrapper__parameterized0 is either unconnected or has no load
INFO: [Synth 8-7129] Port DOUTA[0] in module blk_mem_gen_v8_4_12_blk_mem_gen_prim_wrapper__parameterized0 is either unconnected or has no load
INFO: [Synth 8-7129] Port SBITERR in module blk_mem_gen_v8_4_12_blk_mem_gen_prim_wrapper__parameterized0 is either unconnected or has no load
INFO: [Synth 8-7129] Port DBITERR in module blk_mem_gen_v8_4_12_blk_mem_gen_prim_wrapper__parameterized0 is either unconnected or has no load
INFO: [Synth 8-7129] Port SSRA in module blk_mem_gen_v8_4_12_blk_mem_gen_prim_wrapper__parameterized0 is either unconnected or has no load
INFO: [Synth 8-7129] Port REGCEA in module blk_mem_gen_v8_4_12_blk_mem_gen_prim_wrapper__parameterized0 is either unconnected or has no load
INFO: [Synth 8-7129] Port SSRB in module blk_mem_gen_v8_4_12_blk_mem_gen_prim_wrapper__parameterized0 is either unconnected or has no load
INFO: [Synth 8-7129] Port WEB[0] in module blk_mem_gen_v8_4_12_blk_mem_gen_prim_wrapper__parameterized0 is either unconnected or has no load
INFO: [Synth 8-7129] Port DINB[35] in module blk_mem_gen_v8_4_12_blk_mem_gen_prim_wrapper__parameterized0 is either unconnected or has no load
INFO: [Synth 8-7129] Port DINB[34] in module blk_mem_gen_v8_4_12_blk_mem_gen_prim_wrapper__parameterized0 is either unconnected or has no load
INFO: [Synth 8-7129] Port DINB[33] in module blk_mem_gen_v8_4_12_blk_mem_gen_prim_wrapper__parameterized0 is either unconnected or has no load
INFO: [Synth 8-7129] Port DINB[32] in module blk_mem_gen_v8_4_12_blk_mem_gen_prim_wrapper__parameterized0 is either unconnected or has no load
INFO: [Synth 8-7129] Port DINB[31] in module blk_mem_gen_v8_4_12_blk_mem_gen_prim_wrapper__parameterized0 is either unconnected or has no load
INFO: [Synth 8-7129] Port DINB[30] in module blk_mem_gen_v8_4_12_blk_mem_gen_prim_wrapper__parameterized0 is either unconnected or has no load
INFO: [Synth 8-7129] Port DINB[29] in module blk_mem_gen_v8_4_12_blk_mem_gen_prim_wrapper__parameterized0 is either unconnected or has no load
INFO: [Synth 8-7129] Port DINB[28] in module blk_mem_gen_v8_4_12_blk_mem_gen_prim_wrapper__parameterized0 is either unconnected or has no load
INFO: [Common 17-14] Message 'Synth 8-7129' appears 100 times and further instances of the messages will be disabled. Use the Tcl command set_msg_config to change the current settings.
---------------------------------------------------------------------------------
Finished RTL Elaboration : Time (s): cpu = 00:00:35 ; elapsed = 00:00:36 . Memory (MB): peak = 1880.273 ; gain = 1105.246
---------------------------------------------------------------------------------
---------------------------------------------------------------------------------
Start Handling Custom Attributes
---------------------------------------------------------------------------------
---------------------------------------------------------------------------------
Finished Handling Custom Attributes : Time (s): cpu = 00:00:35 ; elapsed = 00:00:36 . Memory (MB): peak = 1880.273 ; gain = 1105.246
---------------------------------------------------------------------------------
---------------------------------------------------------------------------------
Finished RTL Optimization Phase 1 : Time (s): cpu = 00:00:35 ; elapsed = 00:00:36 . Memory (MB): peak = 1880.273 ; gain = 1105.246
---------------------------------------------------------------------------------
Netlist sorting complete. Time (s): cpu = 00:00:00 ; elapsed = 00:00:00.116 . Memory (MB): peak = 1880.273 ; gain = 0.000
INFO: [Netlist 29-17] Analyzing 74 Unisim elements for replacement
INFO: [Netlist 29-28] Unisim Transformation completed in 0 CPU seconds
INFO: [Project 1-570] Preparing netlist for logic optimization

Processing XDC Constraints
Initializing timing engine
Parsing XDC File [e:/FPGA_PROJECTS/RHV4.0_FPGA/RH_STREAMFAKE/RH_STREAMFAKE.gen/sources_1/bd/design_1/ip/design_1_ila_1_0/design_1_ila_1_0_ooc.xdc] for cell 'inst'
Finished Parsing XDC File [e:/FPGA_PROJECTS/RHV4.0_FPGA/RH_STREAMFAKE/RH_STREAMFAKE.gen/sources_1/bd/design_1/ip/design_1_ila_1_0/design_1_ila_1_0_ooc.xdc] for cell 'inst'
Parsing XDC File [e:/FPGA_PROJECTS/RHV4.0_FPGA/RH_STREAMFAKE/RH_STREAMFAKE.gen/sources_1/bd/design_1/ip/design_1_ila_1_0/ila_v6_2/constraints/ila.xdc] for cell 'inst'
Finished Parsing XDC File [e:/FPGA_PROJECTS/RHV4.0_FPGA/RH_STREAMFAKE/RH_STREAMFAKE.gen/sources_1/bd/design_1/ip/design_1_ila_1_0/ila_v6_2/constraints/ila.xdc] for cell 'inst'
INFO: [Project 1-236] Implementation specific constraints were found while reading constraint file [e:/FPGA_PROJECTS/RHV4.0_FPGA/RH_STREAMFAKE/RH_STREAMFAKE.gen/sources_1/bd/design_1/ip/design_1_ila_1_0/ila_v6_2/constraints/ila.xdc]. These constraints will be ignored for synthesis but will be used in implementation. Impacted constraints are listed in the file [.Xil/design_1_ila_1_0_propImpl.xdc].
Resolution: To avoid this warning, move constraints listed in [.Xil/design_1_ila_1_0_propImpl.xdc] to another XDC file and exclude this new file from synthesis with the used_in_synthesis property (File Properties dialog in GUI) and re-run elaboration/synthesis.
Parsing XDC File [E:/FPGA_PROJECTS/RHV4.0_FPGA/RH_STREAMFAKE/RH_STREAMFAKE.runs/design_1_ila_1_0_synth_1/dont_touch.xdc]
Finished Parsing XDC File [E:/FPGA_PROJECTS/RHV4.0_FPGA/RH_STREAMFAKE/RH_STREAMFAKE.runs/design_1_ila_1_0_synth_1/dont_touch.xdc]
Completed Processing XDC Constraints

Netlist sorting complete. Time (s): cpu = 00:00:00 ; elapsed = 00:00:00.004 . Memory (MB): peak = 1880.273 ; gain = 0.000
INFO: [Project 1-111] Unisim Transformation Summary:
  A total of 54 instances were transformed.
  CFGLUT5 => CFGLUT5 (SRL16E, SRLC32E): 48 instances
  CFGLUT5 => SRLC32E: 6 instances

Constraint Validation Runtime : Time (s): cpu = 00:00:01 ; elapsed = 00:00:00.180 . Memory (MB): peak = 1880.273 ; gain = 0.000
INFO: [Designutils 20-5008] Incremental synthesis strategy off
---------------------------------------------------------------------------------
Finished Constraint Validation : Time (s): cpu = 00:00:52 ; elapsed = 00:00:53 . Memory (MB): peak = 1880.273 ; gain = 1105.246
---------------------------------------------------------------------------------
---------------------------------------------------------------------------------
Start Loading Part and Timing Information
---------------------------------------------------------------------------------
Loading part: xc7a100tfgg484-2
---------------------------------------------------------------------------------
Finished Loading Part and Timing Information : Time (s): cpu = 00:00:52 ; elapsed = 00:00:53 . Memory (MB): peak = 1880.273 ; gain = 1105.246
---------------------------------------------------------------------------------
---------------------------------------------------------------------------------
Start Applying 'set_property' XDC Constraints
---------------------------------------------------------------------------------
---------------------------------------------------------------------------------
Finished applying 'set_property' XDC Constraints : Time (s): cpu = 00:00:52 ; elapsed = 00:00:53 . Memory (MB): peak = 1880.273 ; gain = 1105.246
---------------------------------------------------------------------------------
INFO: [Synth 8-802] inferred FSM for state register 'current_state_reg' in module 'xsdbs_v1_0_5_reg_p2s'
INFO: [Synth 8-802] inferred FSM for state register 'current_state_reg' in module 'xsdbs_v1_0_5_reg_p2s__parameterized0'
INFO: [Synth 8-802] inferred FSM for state register 'current_state_reg' in module 'xsdbs_v1_0_5_reg_p2s__parameterized1'
INFO: [Synth 8-802] inferred FSM for state register 'current_state_reg' in module 'xsdbs_v1_0_5_reg_p2s__parameterized2'
INFO: [Synth 8-802] inferred FSM for state register 'current_state_reg' in module 'ltlib_v1_0_3_generic_memrd'
---------------------------------------------------------------------------------------------------
                   State |                     New Encoding |                Previous Encoding 
---------------------------------------------------------------------------------------------------
                    IDLE |                             0001 |                             0001
                     REG |                             0010 |                             0010
                     P2S |                             0100 |                             0100
                     S2P |                             1000 |                             1000
---------------------------------------------------------------------------------------------------
INFO: [Synth 8-3354] encoded FSM with state register 'current_state_reg' using encoding 'one-hot' in module 'xsdbs_v1_0_5_reg_p2s'
---------------------------------------------------------------------------------------------------
                   State |                     New Encoding |                Previous Encoding 
---------------------------------------------------------------------------------------------------
                    IDLE |                             0001 |                             0001
                     REG |                             0010 |                             0010
                     P2S |                             0100 |                             0100
                     S2P |                             1000 |                             1000
---------------------------------------------------------------------------------------------------
INFO: [Synth 8-3354] encoded FSM with state register 'current_state_reg' using encoding 'one-hot' in module 'xsdbs_v1_0_5_reg_p2s__parameterized0'
---------------------------------------------------------------------------------------------------
                   State |                     New Encoding |                Previous Encoding 
---------------------------------------------------------------------------------------------------
                    IDLE |                             0001 |                             0001
                     REG |                             0010 |                             0010
                     P2S |                             0100 |                             0100
                     S2P |                             1000 |                             1000
---------------------------------------------------------------------------------------------------
INFO: [Synth 8-3354] encoded FSM with state register 'current_state_reg' using encoding 'one-hot' in module 'xsdbs_v1_0_5_reg_p2s__parameterized1'
---------------------------------------------------------------------------------------------------
                   State |                     New Encoding |                Previous Encoding 
---------------------------------------------------------------------------------------------------
                    IDLE |                             0001 |                             0001
                     REG |                             0010 |                             0010
                     P2S |                             0100 |                             0100
                     S2P |                             1000 |                             1000
---------------------------------------------------------------------------------------------------
INFO: [Synth 8-3354] encoded FSM with state register 'current_state_reg' using encoding 'one-hot' in module 'xsdbs_v1_0_5_reg_p2s__parameterized2'
---------------------------------------------------------------------------------------------------
                   State |                     New Encoding |                Previous Encoding 
---------------------------------------------------------------------------------------------------
              RESET_ADDR |                          0000001 |                          0000001
            REQUEST_READ |                          0000010 |                          0000010
           WAIT_READ_ACK |                          0000100 |                          0000100
             OUTPUT_DATA |                          0001000 |                          0001000
                    IDLE |                          0010000 |                          0010000
         INCREMENT_BLOCK |                          0100000 |                          0100000
       INCREMENT_ADDRESS |                          1000000 |                          1000000
---------------------------------------------------------------------------------------------------
INFO: [Synth 8-3354] encoded FSM with state register 'current_state_reg' using encoding 'one-hot' in module 'ltlib_v1_0_3_generic_memrd'
---------------------------------------------------------------------------------
Finished RTL Optimization Phase 2 : Time (s): cpu = 00:00:53 ; elapsed = 00:00:55 . Memory (MB): peak = 1880.273 ; gain = 1105.246
---------------------------------------------------------------------------------
---------------------------------------------------------------------------------
Start RTL Component Statistics 
---------------------------------------------------------------------------------
---------------------------------------------------------------------------------
Finished RTL Component Statistics 
---------------------------------------------------------------------------------
---------------------------------------------------------------------------------
Start Part Resource Summary
---------------------------------------------------------------------------------
Part Resources:
DSPs: 240 (col length:80)
BRAMs: 270 (col length: RAMB18 80 RAMB36 40)
---------------------------------------------------------------------------------
Finished Part Resource Summary
---------------------------------------------------------------------------------
---------------------------------------------------------------------------------
Start Cross Boundary and Area Optimization
---------------------------------------------------------------------------------
---------------------------------------------------------------------------------
Finished Cross Boundary and Area Optimization : Time (s): cpu = 00:01:02 ; elapsed = 00:01:04 . Memory (MB): peak = 1880.273 ; gain = 1105.246
---------------------------------------------------------------------------------
---------------------------------------------------------------------------------
Start Applying XDC Timing Constraints
---------------------------------------------------------------------------------
---------------------------------------------------------------------------------
Finished Applying XDC Timing Constraints : Time (s): cpu = 00:01:08 ; elapsed = 00:01:10 . Memory (MB): peak = 1880.273 ; gain = 1105.246
---------------------------------------------------------------------------------
---------------------------------------------------------------------------------
Start Timing Optimization
---------------------------------------------------------------------------------
---------------------------------------------------------------------------------
Finished Timing Optimization : Time (s): cpu = 00:01:08 ; elapsed = 00:01:10 . Memory (MB): peak = 1880.273 ; gain = 1105.246
---------------------------------------------------------------------------------
---------------------------------------------------------------------------------
Start Technology Mapping
---------------------------------------------------------------------------------
---------------------------------------------------------------------------------
Finished Technology Mapping : Time (s): cpu = 00:01:09 ; elapsed = 00:01:11 . Memory (MB): peak = 1880.273 ; gain = 1105.246
---------------------------------------------------------------------------------
---------------------------------------------------------------------------------
Start IO Insertion
---------------------------------------------------------------------------------
---------------------------------------------------------------------------------
Start Flattening Before IO Insertion
---------------------------------------------------------------------------------
---------------------------------------------------------------------------------
Finished Flattening Before IO Insertion
---------------------------------------------------------------------------------
---------------------------------------------------------------------------------
Start Final Netlist Cleanup
---------------------------------------------------------------------------------
---------------------------------------------------------------------------------
Finished Final Netlist Cleanup
---------------------------------------------------------------------------------
---------------------------------------------------------------------------------
Finished IO Insertion : Time (s): cpu = 00:01:13 ; elapsed = 00:01:15 . Memory (MB): peak = 1961.188 ; gain = 1186.160
---------------------------------------------------------------------------------
---------------------------------------------------------------------------------
Start Renaming Generated Instances
---------------------------------------------------------------------------------
---------------------------------------------------------------------------------
Finished Renaming Generated Instances : Time (s): cpu = 00:01:13 ; elapsed = 00:01:15 . Memory (MB): peak = 1961.188 ; gain = 1186.160
---------------------------------------------------------------------------------
---------------------------------------------------------------------------------
Start Rebuilding User Hierarchy
---------------------------------------------------------------------------------
---------------------------------------------------------------------------------
Finished Rebuilding User Hierarchy : Time (s): cpu = 00:01:13 ; elapsed = 00:01:15 . Memory (MB): peak = 1961.188 ; gain = 1186.160
---------------------------------------------------------------------------------
---------------------------------------------------------------------------------
Start Renaming Generated Ports
---------------------------------------------------------------------------------
---------------------------------------------------------------------------------
Finished Renaming Generated Ports : Time (s): cpu = 00:01:13 ; elapsed = 00:01:15 . Memory (MB): peak = 1961.188 ; gain = 1186.160
---------------------------------------------------------------------------------
---------------------------------------------------------------------------------
Start Handling Custom Attributes
---------------------------------------------------------------------------------
---------------------------------------------------------------------------------
Finished Handling Custom Attributes : Time (s): cpu = 00:01:13 ; elapsed = 00:01:15 . Memory (MB): peak = 1961.188 ; gain = 1186.160
---------------------------------------------------------------------------------
---------------------------------------------------------------------------------
Start Renaming Generated Nets
---------------------------------------------------------------------------------
---------------------------------------------------------------------------------
Finished Renaming Generated Nets : Time (s): cpu = 00:01:13 ; elapsed = 00:01:15 . Memory (MB): peak = 1961.188 ; gain = 1186.160
---------------------------------------------------------------------------------
---------------------------------------------------------------------------------
Start Writing Synthesis Report
---------------------------------------------------------------------------------

Report BlackBoxes: 
+-+--------------+----------+
| |BlackBox name |Instances |
+-+--------------+----------+
+-+--------------+----------+

Report Cell Usage: 
+------+---------+------+
|      |Cell     |Count |
+------+---------+------+
|1     |CARRY4   |    18|
|2     |CFGLUT5  |    54|
|3     |LUT1     |    28|
|4     |LUT2     |    70|
|5     |LUT3     |   110|
|6     |LUT4     |   133|
|7     |LUT5     |    88|
|8     |LUT6     |   293|
|9     |MUXF7    |     3|
|10    |RAMB18E1 |     1|
|11    |RAMB36E1 |     1|
|12    |SRL16E   |    40|
|13    |SRLC16E  |     2|
|14    |SRLC32E  |    17|
|15    |FDRE     |  1256|
|16    |FDSE     |    10|
+------+---------+------+
---------------------------------------------------------------------------------
Finished Writing Synthesis Report : Time (s): cpu = 00:01:13 ; elapsed = 00:01:15 . Memory (MB): peak = 1961.188 ; gain = 1186.160
---------------------------------------------------------------------------------
Synthesis finished with 0 errors, 0 critical warnings and 0 warnings.
Synthesis Optimization Runtime : Time (s): cpu = 00:00:27 ; elapsed = 00:01:05 . Memory (MB): peak = 1961.188 ; gain = 1186.160
Synthesis Optimization Complete : Time (s): cpu = 00:01:13 ; elapsed = 00:01:16 . Memory (MB): peak = 1961.188 ; gain = 1186.160
INFO: [Project 1-571] Translating synthesized netlist
Netlist sorting complete. Time (s): cpu = 00:00:00 ; elapsed = 00:00:00.050 . Memory (MB): peak = 1961.188 ; gain = 0.000
INFO: [Netlist 29-17] Analyzing 77 Unisim elements for replacement
INFO: [Netlist 29-28] Unisim Transformation completed in 0 CPU seconds
INFO: [Project 1-570] Preparing netlist for logic optimization
INFO: [Opt 31-138] Pushed 0 inverter(s) to 0 load pin(s).
Netlist sorting complete. Time (s): cpu = 00:00:00 ; elapsed = 00:00:00.001 . Memory (MB): peak = 1974.336 ; gain = 0.000
INFO: [Project 1-111] Unisim Transformation Summary:
  A total of 54 instances were transformed.
  CFGLUT5 => CFGLUT5 (SRL16E, SRLC32E): 48 instances
  CFGLUT5 => SRLC32E: 6 instances

Synth Design complete | Checksum: 3d9db60
INFO: [Common 17-83] Releasing license: Synthesis
252 Infos, 0 Warnings, 0 Critical Warnings and 0 Errors encountered.
synth_design completed successfully
synth_design: Time (s): cpu = 00:01:18 ; elapsed = 00:01:22 . Memory (MB): peak = 1974.336 ; gain = 1405.422
Write ShapeDB Complete: Time (s): cpu = 00:00:00 ; elapsed = 00:00:00.005 . Memory (MB): peak = 1974.336 ; gain = 0.000
INFO: [Common 17-1381] The checkpoint 'E:/FPGA_PROJECTS/RHV4.0_FPGA/RH_STREAMFAKE/RH_STREAMFAKE.runs/design_1_ila_1_0_synth_1/design_1_ila_1_0.dcp' has been generated.
INFO: [Coretcl 2-1648] Added synthesis output to IP cache for IP design_1_ila_1_0, cache-ID = 416376cee5ade2f5
INFO: [Coretcl 2-1174] Renamed 113 cell refs.
Write ShapeDB Complete: Time (s): cpu = 00:00:00 ; elapsed = 00:00:00.004 . Memory (MB): peak = 1974.336 ; gain = 0.000
INFO: [Common 17-1381] The checkpoint 'E:/FPGA_PROJECTS/RHV4.0_FPGA/RH_STREAMFAKE/RH_STREAMFAKE.runs/design_1_ila_1_0_synth_1/design_1_ila_1_0.dcp' has been generated.
INFO: [Vivado 12-24828] Executing command : report_utilization -file design_1_ila_1_0_utilization_synth.rpt -pb design_1_ila_1_0_utilization_synth.pb
INFO: [Common 17-206] Exiting Vivado at Sat Aug 15 12:57:45 2026...
