#-----------------------------------------------------------
# Vivado v2025.2 (64-bit)
# SW Build 6299465 on Fri Nov 14 19:35:11 GMT 2025
# IP Build 6300035 on Fri Nov 14 10:48:45 MST 2025
# SharedData Build 6298862 on Thu Nov 13 04:50:51 MST 2025
# Start of session at: Sat Aug 15 12:02:40 2026
# Process ID         : 27216
# Current directory  : E:/FPGA_PROJECTS/RHV4.0_FPGA/RH_STREAMFAKE/RH_STREAMFAKE.runs/design_1_clk_wiz_0_0_synth_1
# Command line       : vivado.exe -log design_1_clk_wiz_0_0.vds -product Vivado -mode batch -messageDb vivado.pb -notrace -source design_1_clk_wiz_0_0.tcl
# Log file           : E:/FPGA_PROJECTS/RHV4.0_FPGA/RH_STREAMFAKE/RH_STREAMFAKE.runs/design_1_clk_wiz_0_0_synth_1/design_1_clk_wiz_0_0.vds
# Journal file       : E:/FPGA_PROJECTS/RHV4.0_FPGA/RH_STREAMFAKE/RH_STREAMFAKE.runs/design_1_clk_wiz_0_0_synth_1\vivado.jou
# Running On         : DESKTOP-GLFAJCR
# Platform           : Windows Server 2016 or Windows 10
# Operating System   : 19045
# Processor Detail   : AMD Ryzen 5 5600X 6-Core Processor             
# CPU Frequency      : 3700 MHz
# CPU Physical cores : 6
# CPU Logical cores  : 12
# Host memory        : 17102 MB
# Swap memory        : 28991 MB
# Total Virtual      : 46093 MB
# Available Virtual  : 18867 MB
#-----------------------------------------------------------
source design_1_clk_wiz_0_0.tcl -notrace
