
*** Running vivado
    with args -log design_1_wrapper.vds -m64 -product Vivado -mode batch -messageDb vivado.pb -notrace -source design_1_wrapper.tcl



****** Vivado v2025.2 (64-bit)
  **** SW Build 6299465 on Fri Nov 14 19:35:11 GMT 2025
  **** IP Build 6300035 on Fri Nov 14 10:48:45 MST 2025
  **** SharedData Build 6298862 on Thu Nov 13 04:50:51 MST 2025
  **** Start of session at: Mon Sep 14 17:04:50 2026
    ** Copyright 1986-2022 Xilinx, Inc. All Rights Reserved.
    ** Copyright 2022-2025 Advanced Micro Devices, Inc. All Rights Reserved.

source design_1_wrapper.tcl -notrace
INFO: [IP_Flow 19-234] Refreshing IP repositories
INFO: [IP_Flow 19-1704] No user IP repositories specified
INFO: [IP_Flow 19-2313] Loaded Vivado IP repository 'C:/AMDDesignTools/2025.2/Vivado/data/ip'.
add_files: Time (s): cpu = 00:00:07 ; elapsed = 00:00:06 . Memory (MB): peak = 721.504 ; gain = 61.582
Command: read_checkpoint -auto_incremental -incremental C:/VIVADO_PROJECTS/IQ/IQ.srcs/utils_1/imports/synth_1/design_1_wrapper.dcp
INFO: [Vivado 12-5825] Read reference checkpoint from C:/VIVADO_PROJECTS/IQ/IQ.srcs/utils_1/imports/synth_1/design_1_wrapper.dcp for incremental synthesis
INFO: [Vivado 12-7989] Please ensure there are no constraint changes
Command: synth_design -top design_1_wrapper -part xc7a100tfgg484-2
Starting synth_design
Attempting to get a license for feature 'Synthesis' and/or device 'xc7a100t'
INFO: [Common 17-349] Got license for feature 'Synthesis' and/or device 'xc7a100t'
INFO: [Device 21-403] Loading part xc7a100tfgg484-2
INFO: [Designutils 20-5440] No compile time benefit to using incremental synthesis; A full resynthesis will be run
INFO: [Designutils 20-4379] Flow is switching to default flow due to incremental criteria not met. If you would like to alter this behaviour and have the flow terminate instead, please set the following parameter config_implementation {autoIncr.Synth.RejectBehavior Terminate}
INFO: [Synth 8-7079] Multithreading enabled for synth_design using a maximum of 2 processes.
INFO: [Synth 8-7078] Launching helper process for spawning children vivado processes
INFO: [Synth 8-7075] Helper process launched with PID 40236
---------------------------------------------------------------------------------
Starting RTL Elaboration : Time (s): cpu = 00:00:03 ; elapsed = 00:00:03 . Memory (MB): peak = 1472.707 ; gain = 542.520
---------------------------------------------------------------------------------
INFO: [Synth 8-6157] synthesizing module 'design_1_wrapper' [C:/VIVADO_PROJECTS/IQ/IQ.gen/sources_1/bd/design_1/hdl/design_1_wrapper.v:13]
INFO: [Synth 8-6157] synthesizing module 'design_1' [c:/VIVADO_PROJECTS/IQ/IQ.gen/sources_1/bd/design_1/synth/design_1.v:13]
INFO: [Synth 8-6157] synthesizing module 'design_1_Blinky_0_0' [C:/VIVADO_PROJECTS/IQ/IQ.runs/synth_1/.Xil/Vivado-10216-esc-wirelssslab/realtime/design_1_Blinky_0_0_stub.v:6]
INFO: [Synth 8-6155] done synthesizing module 'design_1_Blinky_0_0' (0#1) [C:/VIVADO_PROJECTS/IQ/IQ.runs/synth_1/.Xil/Vivado-10216-esc-wirelssslab/realtime/design_1_Blinky_0_0_stub.v:6]
INFO: [Synth 8-6157] synthesizing module 'design_1_axis_data_fifo_0_0' [C:/VIVADO_PROJECTS/IQ/IQ.runs/synth_1/.Xil/Vivado-10216-esc-wirelssslab/realtime/design_1_axis_data_fifo_0_0_stub.v:6]
INFO: [Synth 8-6155] done synthesizing module 'design_1_axis_data_fifo_0_0' (0#1) [C:/VIVADO_PROJECTS/IQ/IQ.runs/synth_1/.Xil/Vivado-10216-esc-wirelssslab/realtime/design_1_axis_data_fifo_0_0_stub.v:6]
INFO: [Synth 8-6157] synthesizing module 'design_1_axis_dwidth_converter_0_0' [C:/VIVADO_PROJECTS/IQ/IQ.runs/synth_1/.Xil/Vivado-10216-esc-wirelssslab/realtime/design_1_axis_dwidth_converter_0_0_stub.v:6]
INFO: [Synth 8-6155] done synthesizing module 'design_1_axis_dwidth_converter_0_0' (0#1) [C:/VIVADO_PROJECTS/IQ/IQ.runs/synth_1/.Xil/Vivado-10216-esc-wirelssslab/realtime/design_1_axis_dwidth_converter_0_0_stub.v:6]
INFO: [Synth 8-6157] synthesizing module 'design_1_clk_wiz_0_0' [C:/VIVADO_PROJECTS/IQ/IQ.runs/synth_1/.Xil/Vivado-10216-esc-wirelssslab/realtime/design_1_clk_wiz_0_0_stub.v:6]
INFO: [Synth 8-6155] done synthesizing module 'design_1_clk_wiz_0_0' (0#1) [C:/VIVADO_PROJECTS/IQ/IQ.runs/synth_1/.Xil/Vivado-10216-esc-wirelssslab/realtime/design_1_clk_wiz_0_0_stub.v:6]
WARNING: [Synth 8-7071] port 'locked' of module 'design_1_clk_wiz_0_0' is unconnected for instance 'clk_wiz_0' [c:/VIVADO_PROJECTS/IQ/IQ.gen/sources_1/bd/design_1/synth/design_1.v:119]
WARNING: [Synth 8-7023] instance 'clk_wiz_0' of module 'design_1_clk_wiz_0_0' has 6 connections declared, but only 5 given [c:/VIVADO_PROJECTS/IQ/IQ.gen/sources_1/bd/design_1/synth/design_1.v:119]
WARNING: [Synth 8-4446] all outputs are unconnected for this instance and logic may be removed [c:/VIVADO_PROJECTS/IQ/IQ.gen/sources_1/bd/design_1/synth/design_1.v:125]
INFO: [Synth 8-6157] synthesizing module 'design_1_ila_0_0' [C:/VIVADO_PROJECTS/IQ/IQ.runs/synth_1/.Xil/Vivado-10216-esc-wirelssslab/realtime/design_1_ila_0_0_stub.v:6]
INFO: [Synth 8-6155] done synthesizing module 'design_1_ila_0_0' (0#1) [C:/VIVADO_PROJECTS/IQ/IQ.runs/synth_1/.Xil/Vivado-10216-esc-wirelssslab/realtime/design_1_ila_0_0_stub.v:6]
WARNING: [Synth 8-4446] all outputs are unconnected for this instance and logic may be removed [c:/VIVADO_PROJECTS/IQ/IQ.gen/sources_1/bd/design_1/synth/design_1.v:128]
INFO: [Synth 8-6157] synthesizing module 'design_1_ila_1_0' [C:/VIVADO_PROJECTS/IQ/IQ.runs/synth_1/.Xil/Vivado-10216-esc-wirelssslab/realtime/design_1_ila_1_0_stub.v:6]
INFO: [Synth 8-6155] done synthesizing module 'design_1_ila_1_0' (0#1) [C:/VIVADO_PROJECTS/IQ/IQ.runs/synth_1/.Xil/Vivado-10216-esc-wirelssslab/realtime/design_1_ila_1_0_stub.v:6]
INFO: [Synth 8-6157] synthesizing module 'design_1_selectio_to_axis_dual_0_0' [C:/VIVADO_PROJECTS/IQ/IQ.runs/synth_1/.Xil/Vivado-10216-esc-wirelssslab/realtime/design_1_selectio_to_axis_dual_0_0_stub.v:6]
INFO: [Synth 8-6155] done synthesizing module 'design_1_selectio_to_axis_dual_0_0' (0#1) [C:/VIVADO_PROJECTS/IQ/IQ.runs/synth_1/.Xil/Vivado-10216-esc-wirelssslab/realtime/design_1_selectio_to_axis_dual_0_0_stub.v:6]
WARNING: [Synth 8-7071] port 'm_axis_tkeep' of module 'design_1_selectio_to_axis_dual_0_0' is unconnected for instance 'selectio_to_axis_dual_0' [c:/VIVADO_PROJECTS/IQ/IQ.gen/sources_1/bd/design_1/synth/design_1.v:135]
WARNING: [Synth 8-7071] port 'm_axis_tvalid' of module 'design_1_selectio_to_axis_dual_0_0' is unconnected for instance 'selectio_to_axis_dual_0' [c:/VIVADO_PROJECTS/IQ/IQ.gen/sources_1/bd/design_1/synth/design_1.v:135]
WARNING: [Synth 8-7023] instance 'selectio_to_axis_dual_0' of module 'design_1_selectio_to_axis_dual_0_0' has 9 connections declared, but only 7 given [c:/VIVADO_PROJECTS/IQ/IQ.gen/sources_1/bd/design_1/synth/design_1.v:135]
INFO: [Synth 8-6157] synthesizing module 'design_1_selectio_wiz_0_0' [C:/VIVADO_PROJECTS/IQ/IQ.runs/synth_1/.Xil/Vivado-10216-esc-wirelssslab/realtime/design_1_selectio_wiz_0_0_stub.v:6]
INFO: [Synth 8-6155] done synthesizing module 'design_1_selectio_wiz_0_0' (0#1) [C:/VIVADO_PROJECTS/IQ/IQ.runs/synth_1/.Xil/Vivado-10216-esc-wirelssslab/realtime/design_1_selectio_wiz_0_0_stub.v:6]
WARNING: [Synth 8-7071] port 'delay_locked' of module 'design_1_selectio_wiz_0_0' is unconnected for instance 'selectio_wiz_0' [c:/VIVADO_PROJECTS/IQ/IQ.gen/sources_1/bd/design_1/synth/design_1.v:143]
WARNING: [Synth 8-7023] instance 'selectio_wiz_0' of module 'design_1_selectio_wiz_0_0' has 9 connections declared, but only 8 given [c:/VIVADO_PROJECTS/IQ/IQ.gen/sources_1/bd/design_1/synth/design_1.v:143]
INFO: [Synth 8-6157] synthesizing module 'design_1_util_ds_buf_0' [C:/VIVADO_PROJECTS/IQ/IQ.runs/synth_1/.Xil/Vivado-10216-esc-wirelssslab/realtime/design_1_util_ds_buf_0_stub.v:6]
INFO: [Synth 8-6155] done synthesizing module 'design_1_util_ds_buf_0' (0#1) [C:/VIVADO_PROJECTS/IQ/IQ.runs/synth_1/.Xil/Vivado-10216-esc-wirelssslab/realtime/design_1_util_ds_buf_0_stub.v:6]
WARNING: [Synth 8-7071] port 'IBUF_DS_ODIV2' of module 'design_1_util_ds_buf_0' is unconnected for instance 'util_ds_buf' [c:/VIVADO_PROJECTS/IQ/IQ.gen/sources_1/bd/design_1/synth/design_1.v:152]
WARNING: [Synth 8-7023] instance 'util_ds_buf' of module 'design_1_util_ds_buf_0' has 4 connections declared, but only 3 given [c:/VIVADO_PROJECTS/IQ/IQ.gen/sources_1/bd/design_1/synth/design_1.v:152]
INFO: [Synth 8-6157] synthesizing module 'design_1_xdma_0_0' [C:/VIVADO_PROJECTS/IQ/IQ.runs/synth_1/.Xil/Vivado-10216-esc-wirelssslab/realtime/design_1_xdma_0_0_stub.v:6]
INFO: [Synth 8-6155] done synthesizing module 'design_1_xdma_0_0' (0#1) [C:/VIVADO_PROJECTS/IQ/IQ.runs/synth_1/.Xil/Vivado-10216-esc-wirelssslab/realtime/design_1_xdma_0_0_stub.v:6]
WARNING: [Synth 8-7071] port 'user_lnk_up' of module 'design_1_xdma_0_0' is unconnected for instance 'xdma_0' [c:/VIVADO_PROJECTS/IQ/IQ.gen/sources_1/bd/design_1/synth/design_1.v:156]
WARNING: [Synth 8-7071] port 'usr_irq_ack' of module 'design_1_xdma_0_0' is unconnected for instance 'xdma_0' [c:/VIVADO_PROJECTS/IQ/IQ.gen/sources_1/bd/design_1/synth/design_1.v:156]
WARNING: [Synth 8-7071] port 'msi_enable' of module 'design_1_xdma_0_0' is unconnected for instance 'xdma_0' [c:/VIVADO_PROJECTS/IQ/IQ.gen/sources_1/bd/design_1/synth/design_1.v:156]
WARNING: [Synth 8-7071] port 'msi_vector_width' of module 'design_1_xdma_0_0' is unconnected for instance 'xdma_0' [c:/VIVADO_PROJECTS/IQ/IQ.gen/sources_1/bd/design_1/synth/design_1.v:156]
WARNING: [Synth 8-7071] port 'cfg_mgmt_read_data' of module 'design_1_xdma_0_0' is unconnected for instance 'xdma_0' [c:/VIVADO_PROJECTS/IQ/IQ.gen/sources_1/bd/design_1/synth/design_1.v:156]
WARNING: [Synth 8-7071] port 'cfg_mgmt_read_write_done' of module 'design_1_xdma_0_0' is unconnected for instance 'xdma_0' [c:/VIVADO_PROJECTS/IQ/IQ.gen/sources_1/bd/design_1/synth/design_1.v:156]
WARNING: [Synth 8-7071] port 'm_axis_h2c_tdata_0' of module 'design_1_xdma_0_0' is unconnected for instance 'xdma_0' [c:/VIVADO_PROJECTS/IQ/IQ.gen/sources_1/bd/design_1/synth/design_1.v:156]
WARNING: [Synth 8-7071] port 'm_axis_h2c_tlast_0' of module 'design_1_xdma_0_0' is unconnected for instance 'xdma_0' [c:/VIVADO_PROJECTS/IQ/IQ.gen/sources_1/bd/design_1/synth/design_1.v:156]
WARNING: [Synth 8-7071] port 'm_axis_h2c_tvalid_0' of module 'design_1_xdma_0_0' is unconnected for instance 'xdma_0' [c:/VIVADO_PROJECTS/IQ/IQ.gen/sources_1/bd/design_1/synth/design_1.v:156]
WARNING: [Synth 8-7071] port 'm_axis_h2c_tkeep_0' of module 'design_1_xdma_0_0' is unconnected for instance 'xdma_0' [c:/VIVADO_PROJECTS/IQ/IQ.gen/sources_1/bd/design_1/synth/design_1.v:156]
WARNING: [Synth 8-7023] instance 'xdma_0' of module 'design_1_xdma_0_0' has 31 connections declared, but only 21 given [c:/VIVADO_PROJECTS/IQ/IQ.gen/sources_1/bd/design_1/synth/design_1.v:156]
INFO: [Synth 8-6155] done synthesizing module 'design_1' (0#1) [c:/VIVADO_PROJECTS/IQ/IQ.gen/sources_1/bd/design_1/synth/design_1.v:13]
INFO: [Synth 8-6155] done synthesizing module 'design_1_wrapper' (0#1) [C:/VIVADO_PROJECTS/IQ/IQ.gen/sources_1/bd/design_1/hdl/design_1_wrapper.v:13]
INFO: [Synth 8-6071] Mark debug on the nets applies keep_hierarchy on instance 'selectio_wiz_0'. This will prevent further optimization [c:/VIVADO_PROJECTS/IQ/IQ.gen/sources_1/bd/design_1/synth/design_1.v:143]
INFO: [Synth 8-6071] Mark debug on the nets applies keep_hierarchy on instance 'selectio_to_axis_dual_0'. This will prevent further optimization [c:/VIVADO_PROJECTS/IQ/IQ.gen/sources_1/bd/design_1/synth/design_1.v:135]
INFO: [Synth 8-6071] Mark debug on the nets applies keep_hierarchy on instance 'ila_0'. This will prevent further optimization [c:/VIVADO_PROJECTS/IQ/IQ.gen/sources_1/bd/design_1/synth/design_1.v:125]
INFO: [Synth 8-6071] Mark debug on the nets applies keep_hierarchy on instance 'ila_1'. This will prevent further optimization [c:/VIVADO_PROJECTS/IQ/IQ.gen/sources_1/bd/design_1/synth/design_1.v:128]
INFO: [Synth 8-6071] Mark debug on the nets applies keep_hierarchy on instance 'axis_dwidth_converter_0'. This will prevent further optimization [c:/VIVADO_PROJECTS/IQ/IQ.gen/sources_1/bd/design_1/synth/design_1.v:107]
---------------------------------------------------------------------------------
Finished RTL Elaboration : Time (s): cpu = 00:00:04 ; elapsed = 00:00:04 . Memory (MB): peak = 1597.422 ; gain = 667.234
---------------------------------------------------------------------------------
---------------------------------------------------------------------------------
Start Handling Custom Attributes
---------------------------------------------------------------------------------
---------------------------------------------------------------------------------
Finished Handling Custom Attributes : Time (s): cpu = 00:00:04 ; elapsed = 00:00:04 . Memory (MB): peak = 1597.422 ; gain = 667.234
---------------------------------------------------------------------------------
---------------------------------------------------------------------------------
Finished RTL Optimization Phase 1 : Time (s): cpu = 00:00:04 ; elapsed = 00:00:04 . Memory (MB): peak = 1597.422 ; gain = 667.234
---------------------------------------------------------------------------------
Netlist sorting complete. Time (s): cpu = 00:00:00 ; elapsed = 00:00:00.002 . Memory (MB): peak = 1597.422 ; gain = 0.000
INFO: [Project 1-570] Preparing netlist for logic optimization

Processing XDC Constraints
Initializing timing engine
Parsing XDC File [c:/VIVADO_PROJECTS/IQ/IQ.gen/sources_1/bd/design_1/ip/design_1_Blinky_0_0/design_1_Blinky_0_0/design_1_Blinky_0_0_in_context.xdc] for cell 'design_1_i/Blinky_0'
Finished Parsing XDC File [c:/VIVADO_PROJECTS/IQ/IQ.gen/sources_1/bd/design_1/ip/design_1_Blinky_0_0/design_1_Blinky_0_0/design_1_Blinky_0_0_in_context.xdc] for cell 'design_1_i/Blinky_0'
Parsing XDC File [c:/VIVADO_PROJECTS/IQ/IQ.gen/sources_1/bd/design_1/ip/design_1_xdma_0_0/design_1_xdma_0_0/design_1_xdma_0_0_in_context.xdc] for cell 'design_1_i/xdma_0'
Finished Parsing XDC File [c:/VIVADO_PROJECTS/IQ/IQ.gen/sources_1/bd/design_1/ip/design_1_xdma_0_0/design_1_xdma_0_0/design_1_xdma_0_0_in_context.xdc] for cell 'design_1_i/xdma_0'
Parsing XDC File [c:/VIVADO_PROJECTS/IQ/IQ.gen/sources_1/bd/design_1/ip/design_1_util_ds_buf_0/design_1_util_ds_buf_0/design_1_util_ds_buf_0_in_context.xdc] for cell 'design_1_i/util_ds_buf'
Finished Parsing XDC File [c:/VIVADO_PROJECTS/IQ/IQ.gen/sources_1/bd/design_1/ip/design_1_util_ds_buf_0/design_1_util_ds_buf_0/design_1_util_ds_buf_0_in_context.xdc] for cell 'design_1_i/util_ds_buf'
Parsing XDC File [c:/VIVADO_PROJECTS/IQ/IQ.gen/sources_1/bd/design_1/ip/design_1_axis_data_fifo_0_0/design_1_axis_data_fifo_0_0/design_1_axis_data_fifo_0_0_in_context.xdc] for cell 'design_1_i/axis_data_fifo_0'
Finished Parsing XDC File [c:/VIVADO_PROJECTS/IQ/IQ.gen/sources_1/bd/design_1/ip/design_1_axis_data_fifo_0_0/design_1_axis_data_fifo_0_0/design_1_axis_data_fifo_0_0_in_context.xdc] for cell 'design_1_i/axis_data_fifo_0'
Parsing XDC File [c:/VIVADO_PROJECTS/IQ/IQ.gen/sources_1/bd/design_1/ip/design_1_selectio_wiz_0_0/design_1_selectio_wiz_0_0/design_1_selectio_wiz_0_0_in_context.xdc] for cell 'design_1_i/selectio_wiz_0'
Finished Parsing XDC File [c:/VIVADO_PROJECTS/IQ/IQ.gen/sources_1/bd/design_1/ip/design_1_selectio_wiz_0_0/design_1_selectio_wiz_0_0/design_1_selectio_wiz_0_0_in_context.xdc] for cell 'design_1_i/selectio_wiz_0'
Parsing XDC File [c:/VIVADO_PROJECTS/IQ/IQ.gen/sources_1/bd/design_1/ip/design_1_clk_wiz_0_0/design_1_clk_wiz_0_0/design_1_clk_wiz_0_0_in_context.xdc] for cell 'design_1_i/clk_wiz_0'
Finished Parsing XDC File [c:/VIVADO_PROJECTS/IQ/IQ.gen/sources_1/bd/design_1/ip/design_1_clk_wiz_0_0/design_1_clk_wiz_0_0/design_1_clk_wiz_0_0_in_context.xdc] for cell 'design_1_i/clk_wiz_0'
Parsing XDC File [c:/VIVADO_PROJECTS/IQ/IQ.gen/sources_1/bd/design_1/ip/design_1_axis_dwidth_converter_0_0/design_1_axis_dwidth_converter_0_0/design_1_axis_dwidth_converter_0_0_in_context.xdc] for cell 'design_1_i/axis_dwidth_converter_0'
Finished Parsing XDC File [c:/VIVADO_PROJECTS/IQ/IQ.gen/sources_1/bd/design_1/ip/design_1_axis_dwidth_converter_0_0/design_1_axis_dwidth_converter_0_0/design_1_axis_dwidth_converter_0_0_in_context.xdc] for cell 'design_1_i/axis_dwidth_converter_0'
Parsing XDC File [c:/VIVADO_PROJECTS/IQ/IQ.gen/sources_1/bd/design_1/ip/design_1_ila_0_0/design_1_ila_0_0/design_1_ila_0_0_in_context.xdc] for cell 'design_1_i/ila_0'
Finished Parsing XDC File [c:/VIVADO_PROJECTS/IQ/IQ.gen/sources_1/bd/design_1/ip/design_1_ila_0_0/design_1_ila_0_0/design_1_ila_0_0_in_context.xdc] for cell 'design_1_i/ila_0'
Parsing XDC File [c:/VIVADO_PROJECTS/IQ/IQ.gen/sources_1/bd/design_1/ip/design_1_ila_1_0/design_1_ila_1_0/design_1_ila_1_0_in_context.xdc] for cell 'design_1_i/ila_1'
Finished Parsing XDC File [c:/VIVADO_PROJECTS/IQ/IQ.gen/sources_1/bd/design_1/ip/design_1_ila_1_0/design_1_ila_1_0/design_1_ila_1_0_in_context.xdc] for cell 'design_1_i/ila_1'
Parsing XDC File [c:/VIVADO_PROJECTS/IQ/IQ.gen/sources_1/bd/design_1/ip/design_1_selectio_to_axis_dual_0_0/design_1_selectio_to_axis_dual_0_0/design_1_selectio_to_axis_dual_0_0_in_context.xdc] for cell 'design_1_i/selectio_to_axis_dual_0'
Finished Parsing XDC File [c:/VIVADO_PROJECTS/IQ/IQ.gen/sources_1/bd/design_1/ip/design_1_selectio_to_axis_dual_0_0/design_1_selectio_to_axis_dual_0_0/design_1_selectio_to_axis_dual_0_0_in_context.xdc] for cell 'design_1_i/selectio_to_axis_dual_0'
Parsing XDC File [C:/VIVADO_PROJECTS/IQ/IQ.srcs/constrs_1/new/blinkyconstraints.xdc]
CRITICAL WARNING: [Constraints 18-1056] Clock 'sys_clk' completely overrides clock 'clkin_100'.
New: create_clock -period 10.000 -name sys_clk [get_ports clkin_100], [C:/VIVADO_PROJECTS/IQ/IQ.srcs/constrs_1/new/blinkyconstraints.xdc:4]
Previous: create_clock -period 10.000 [get_ports clkin_100], [c:/VIVADO_PROJECTS/IQ/IQ.gen/sources_1/bd/design_1/ip/design_1_clk_wiz_0_0/design_1_clk_wiz_0_0/design_1_clk_wiz_0_0_in_context.xdc:1]
Resolution: Review the constraint files and remove the redundant clock definition(s). If the clock constraints are not saved in a file, you can first save the constraints to an XDC file and reload the design once the constraints have been corrected.
Finished Parsing XDC File [C:/VIVADO_PROJECTS/IQ/IQ.srcs/constrs_1/new/blinkyconstraints.xdc]
INFO: [Project 1-236] Implementation specific constraints were found while reading constraint file [C:/VIVADO_PROJECTS/IQ/IQ.srcs/constrs_1/new/blinkyconstraints.xdc]. These constraints will be ignored for synthesis but will be used in implementation. Impacted constraints are listed in the file [.Xil/design_1_wrapper_propImpl.xdc].
Resolution: To avoid this warning, move constraints listed in [.Xil/design_1_wrapper_propImpl.xdc] to another XDC file and exclude this new file from synthesis with the used_in_synthesis property (File Properties dialog in GUI) and re-run elaboration/synthesis.
Parsing XDC File [C:/VIVADO_PROJECTS/IQ/IQ.runs/synth_1/dont_touch.xdc]
Finished Parsing XDC File [C:/VIVADO_PROJECTS/IQ/IQ.runs/synth_1/dont_touch.xdc]
Completed Processing XDC Constraints

Netlist sorting complete. Time (s): cpu = 00:00:00 ; elapsed = 00:00:00 . Memory (MB): peak = 1597.422 ; gain = 0.000
INFO: [Project 1-111] Unisim Transformation Summary:
No Unisim elements were transformed.

Constraint Validation Runtime : Time (s): cpu = 00:00:00 ; elapsed = 00:00:00.007 . Memory (MB): peak = 1597.422 ; gain = 0.000
INFO: [Designutils 20-5440] No compile time benefit to using incremental synthesis; A full resynthesis will be run
INFO: [Designutils 20-4379] Flow is switching to default flow due to incremental criteria not met. If you would like to alter this behaviour and have the flow terminate instead, please set the following parameter config_implementation {autoIncr.Synth.RejectBehavior Terminate}
---------------------------------------------------------------------------------
Finished Constraint Validation : Time (s): cpu = 00:00:08 ; elapsed = 00:00:09 . Memory (MB): peak = 1597.422 ; gain = 667.234
---------------------------------------------------------------------------------
---------------------------------------------------------------------------------
Start Loading Part and Timing Information
---------------------------------------------------------------------------------
Loading part: xc7a100tfgg484-2
---------------------------------------------------------------------------------
Finished Loading Part and Timing Information : Time (s): cpu = 00:00:08 ; elapsed = 00:00:09 . Memory (MB): peak = 1597.422 ; gain = 667.234
---------------------------------------------------------------------------------
---------------------------------------------------------------------------------
Start Applying 'set_property' XDC Constraints
---------------------------------------------------------------------------------
---------------------------------------------------------------------------------
Finished applying 'set_property' XDC Constraints : Time (s): cpu = 00:00:08 ; elapsed = 00:00:09 . Memory (MB): peak = 1597.422 ; gain = 667.234
---------------------------------------------------------------------------------
---------------------------------------------------------------------------------
Finished RTL Optimization Phase 2 : Time (s): cpu = 00:00:08 ; elapsed = 00:00:09 . Memory (MB): peak = 1597.422 ; gain = 667.234
---------------------------------------------------------------------------------
---------------------------------------------------------------------------------
Start RTL Component Statistics 
---------------------------------------------------------------------------------
Detailed RTL Component Info : 
---------------------------------------------------------------------------------
Finished RTL Component Statistics 
---------------------------------------------------------------------------------
---------------------------------------------------------------------------------
Start Part Resource Summary
---------------------------------------------------------------------------------
Part Resources:
DSPs: 240 (col length:80)
BRAMs: 270 (col length: RAMB18 80 RAMB36 40)
---------------------------------------------------------------------------------
Finished Part Resource Summary
---------------------------------------------------------------------------------
---------------------------------------------------------------------------------
Start Cross Boundary and Area Optimization
---------------------------------------------------------------------------------
---------------------------------------------------------------------------------
Finished Cross Boundary and Area Optimization : Time (s): cpu = 00:00:09 ; elapsed = 00:00:10 . Memory (MB): peak = 1622.320 ; gain = 692.133
---------------------------------------------------------------------------------
---------------------------------------------------------------------------------
Start Applying XDC Timing Constraints
---------------------------------------------------------------------------------
---------------------------------------------------------------------------------
Finished Applying XDC Timing Constraints : Time (s): cpu = 00:00:12 ; elapsed = 00:00:13 . Memory (MB): peak = 1780.102 ; gain = 849.914
---------------------------------------------------------------------------------
---------------------------------------------------------------------------------
Start Timing Optimization
---------------------------------------------------------------------------------
---------------------------------------------------------------------------------
Finished Timing Optimization : Time (s): cpu = 00:00:12 ; elapsed = 00:00:13 . Memory (MB): peak = 1780.176 ; gain = 849.988
---------------------------------------------------------------------------------
---------------------------------------------------------------------------------
Start Technology Mapping
---------------------------------------------------------------------------------
---------------------------------------------------------------------------------
Finished Technology Mapping : Time (s): cpu = 00:00:12 ; elapsed = 00:00:13 . Memory (MB): peak = 1789.992 ; gain = 859.805
---------------------------------------------------------------------------------
---------------------------------------------------------------------------------
Start IO Insertion
---------------------------------------------------------------------------------
---------------------------------------------------------------------------------
Start Flattening Before IO Insertion
---------------------------------------------------------------------------------
---------------------------------------------------------------------------------
Finished Flattening Before IO Insertion
---------------------------------------------------------------------------------
---------------------------------------------------------------------------------
Start Final Netlist Cleanup
---------------------------------------------------------------------------------
---------------------------------------------------------------------------------
Finished Final Netlist Cleanup
---------------------------------------------------------------------------------
---------------------------------------------------------------------------------
Finished IO Insertion : Time (s): cpu = 00:00:14 ; elapsed = 00:00:15 . Memory (MB): peak = 2039.512 ; gain = 1109.324
---------------------------------------------------------------------------------
---------------------------------------------------------------------------------
Start Renaming Generated Instances
---------------------------------------------------------------------------------
---------------------------------------------------------------------------------
Finished Renaming Generated Instances : Time (s): cpu = 00:00:14 ; elapsed = 00:00:15 . Memory (MB): peak = 2039.512 ; gain = 1109.324
---------------------------------------------------------------------------------
---------------------------------------------------------------------------------
Start Rebuilding User Hierarchy
---------------------------------------------------------------------------------
---------------------------------------------------------------------------------
Finished Rebuilding User Hierarchy : Time (s): cpu = 00:00:14 ; elapsed = 00:00:15 . Memory (MB): peak = 2039.512 ; gain = 1109.324
---------------------------------------------------------------------------------
---------------------------------------------------------------------------------
Start Renaming Generated Ports
---------------------------------------------------------------------------------
---------------------------------------------------------------------------------
Finished Renaming Generated Ports : Time (s): cpu = 00:00:14 ; elapsed = 00:00:15 . Memory (MB): peak = 2039.512 ; gain = 1109.324
---------------------------------------------------------------------------------
---------------------------------------------------------------------------------
Start Handling Custom Attributes
---------------------------------------------------------------------------------
---------------------------------------------------------------------------------
Finished Handling Custom Attributes : Time (s): cpu = 00:00:14 ; elapsed = 00:00:15 . Memory (MB): peak = 2039.512 ; gain = 1109.324
---------------------------------------------------------------------------------
---------------------------------------------------------------------------------
Start Renaming Generated Nets
---------------------------------------------------------------------------------
---------------------------------------------------------------------------------
Finished Renaming Generated Nets : Time (s): cpu = 00:00:14 ; elapsed = 00:00:15 . Memory (MB): peak = 2039.512 ; gain = 1109.324
---------------------------------------------------------------------------------
---------------------------------------------------------------------------------
Start Writing Synthesis Report
---------------------------------------------------------------------------------

Report BlackBoxes: 
+------+-----------------------------------+----------+
|      |BlackBox name                      |Instances |
+------+-----------------------------------+----------+
|1     |design_1_Blinky_0_0                |         1|
|2     |design_1_axis_data_fifo_0_0        |         1|
|3     |design_1_axis_dwidth_converter_0_0 |         1|
|4     |design_1_clk_wiz_0_0               |         1|
|5     |design_1_ila_0_0                   |         1|
|6     |design_1_ila_1_0                   |         1|
|7     |design_1_selectio_to_axis_dual_0_0 |         1|
|8     |design_1_selectio_wiz_0_0          |         1|
|9     |design_1_util_ds_buf_0             |         1|
|10    |design_1_xdma_0_0                  |         1|
+------+-----------------------------------+----------+

Report Cell Usage: 
+------+---------------------------------+------+
|      |Cell                             |Count |
+------+---------------------------------+------+
|1     |design_1_Blinky_0                |     1|
|2     |design_1_axis_data_fifo_0        |     1|
|3     |design_1_axis_dwidth_converter_0 |     1|
|4     |design_1_clk_wiz_0               |     1|
|5     |design_1_ila_0                   |     1|
|6     |design_1_ila_1                   |     1|
|7     |design_1_selectio_to_axis_dual_0 |     1|
|8     |design_1_selectio_wiz_0          |     1|
|9     |design_1_util_ds_buf             |     1|
|10    |design_1_xdma_0                  |     1|
|11    |LUT1                             |     1|
|12    |IBUF                             |     3|
|13    |OBUF                             |     6|
+------+---------------------------------+------+
---------------------------------------------------------------------------------
Finished Writing Synthesis Report : Time (s): cpu = 00:00:14 ; elapsed = 00:00:15 . Memory (MB): peak = 2039.512 ; gain = 1109.324
---------------------------------------------------------------------------------
Synthesis finished with 0 errors, 0 critical warnings and 0 warnings.
Synthesis Optimization Runtime : Time (s): cpu = 00:00:09 ; elapsed = 00:00:14 . Memory (MB): peak = 2039.512 ; gain = 1109.324
Synthesis Optimization Complete : Time (s): cpu = 00:00:14 ; elapsed = 00:00:15 . Memory (MB): peak = 2039.512 ; gain = 1109.324
INFO: [Project 1-571] Translating synthesized netlist
Netlist sorting complete. Time (s): cpu = 00:00:00 ; elapsed = 00:00:00.002 . Memory (MB): peak = 2048.668 ; gain = 0.000
INFO: [Project 1-570] Preparing netlist for logic optimization
INFO: [Opt 31-138] Pushed 0 inverter(s) to 0 load pin(s).
Netlist sorting complete. Time (s): cpu = 00:00:00 ; elapsed = 00:00:00 . Memory (MB): peak = 2052.340 ; gain = 0.000
INFO: [Project 1-111] Unisim Transformation Summary:
No Unisim elements were transformed.

Synth Design complete | Checksum: eaa47c4b
INFO: [Common 17-83] Releasing license: Synthesis
51 Infos, 22 Warnings, 1 Critical Warnings and 0 Errors encountered.
synth_design completed successfully
synth_design: Time (s): cpu = 00:00:17 ; elapsed = 00:00:20 . Memory (MB): peak = 2052.340 ; gain = 1321.254
INFO: [runtcl-6] Synthesis results are not added to the cache due to CRITICAL_WARNING
Write ShapeDB Complete: Time (s): cpu = 00:00:00 ; elapsed = 00:00:00 . Memory (MB): peak = 2052.340 ; gain = 0.000
INFO: [Common 17-1381] The checkpoint 'C:/VIVADO_PROJECTS/IQ/IQ.runs/synth_1/design_1_wrapper.dcp' has been generated.
INFO: [Vivado 12-24828] Executing command : report_utilization -file design_1_wrapper_utilization_synth.rpt -pb design_1_wrapper_utilization_synth.pb
INFO: [Common 17-206] Exiting Vivado at Mon Sep 14 17:05:24 2026...
